2025-10-19T18:59:14.106+02:00  INFO 9467 --- [account-service] [main] t.a.a.AccountServiceApplication          : Starting AccountServiceApplication using Java 17.0.8 with PID 9467 (/Users/macbook/Desktop/MED-YOUSSFI/bank-account-app-microservice/account-service/target/classes started by macbook in /Users/macbook/Desktop/MED-YOUSSFI/bank-account-app-microservice)
2025-10-19T18:59:14.108+02:00  INFO 9467 --- [account-service] [main] t.a.a.AccountServiceApplication          : No active profile set, falling back to 1 default profile: "default"
2025-10-19T18:59:14.151+02:00  INFO 9467 --- [account-service] [main] o.s.c.c.c.ConfigServerConfigDataLoader   : Fetching config from server at : http://localhost:9999
2025-10-19T18:59:14.151+02:00  WARN 9467 --- [account-service] [main] o.s.c.c.c.ConfigServerConfigDataLoader   : Could not locate PropertySource ([ConfigServerConfigDataResource@650eab8 uris = array<String>['http://localhost:9999'], optional = true, profiles = 'default']): None of labels [] found
2025-10-19T18:59:14.152+02:00  INFO 9467 --- [account-service] [main] o.s.c.c.c.ConfigServerConfigDataLoader   : Fetching config from server at : http://localhost:9999
2025-10-19T18:59:14.152+02:00  WARN 9467 --- [account-service] [main] o.s.c.c.c.ConfigServerConfigDataLoader   : Could not locate PropertySource ([ConfigServerConfigDataResource@546ccad7 uris = array<String>['http://localhost:9999'], optional = true, profiles = 'default']): None of labels [] found
2025-10-19T18:59:14.152+02:00  INFO 9467 --- [account-service] [main] o.s.c.c.c.ConfigServerConfigDataLoader   : Fetching config from server at : http://localhost:9999
2025-10-19T18:59:14.152+02:00  WARN 9467 --- [account-service] [main] o.s.c.c.c.ConfigServerConfigDataLoader   : Could not locate PropertySource ([ConfigServerConfigDataResource@7a527389 uris = array<String>['http://localhost:9999'], optional = true, profiles = 'default']): None of labels [] found
2025-10-19T18:59:15.283+02:00  INFO 9467 --- [account-service] [main] .s.d.r.c.RepositoryConfigurationDelegate : Bootstrapping Spring Data JPA repositories in DEFAULT mode.
2025-10-19T18:59:15.439+02:00  INFO 9467 --- [account-service] [main] .s.d.r.c.RepositoryConfigurationDelegate : Finished Spring Data repository scanning in 148 ms. Found 1 JPA repository interface.
2025-10-19T18:59:15.802+02:00  INFO 9467 --- [account-service] [main] o.s.cloud.context.scope.GenericScope     : BeanFactory id=d2dac01d-b6b2-3ed8-974b-09ffff5a8fc3
2025-10-19T18:59:16.169+02:00  WARN 9467 --- [account-service] [main] trationDelegate$BeanPostProcessorChecker : Bean 'org.springframework.cloud.client.loadbalancer.LoadBalancerAutoConfiguration$LoadBalancerInterceptorConfig' of type [org.springframework.cloud.client.loadbalancer.LoadBalancerAutoConfiguration$LoadBalancerInterceptorConfig] is not eligible for getting processed by all BeanPostProcessors (for example: not eligible for auto-proxying). The currently created BeanPostProcessor [lbRestClientPostProcessor] is declared through a non-static factory method on that class; consider declaring it as static instead.
2025-10-19T18:59:16.175+02:00  WARN 9467 --- [account-service] [main] trationDelegate$BeanPostProcessorChecker : Bean 'org.springframework.cloud.loadbalancer.config.BlockingLoadBalancerClientAutoConfiguration' of type [org.springframework.cloud.loadbalancer.config.BlockingLoadBalancerClientAutoConfiguration] is not eligible for getting processed by all BeanPostProcessors (for example: not eligible for auto-proxying). Is this bean getting eagerly injected into a currently created BeanPostProcessor [lbRestClientPostProcessor]? Check the corresponding BeanPostProcessor declaration and its dependencies.
2025-10-19T18:59:16.179+02:00  WARN 9467 --- [account-service] [main] trationDelegate$BeanPostProcessorChecker : Bean 'org.springframework.cloud.loadbalancer.config.LoadBalancerAutoConfiguration' of type [org.springframework.cloud.loadbalancer.config.LoadBalancerAutoConfiguration] is not eligible for getting processed by all BeanPostProcessors (for example: not eligible for auto-proxying). Is this bean getting eagerly injected into a currently created BeanPostProcessor [lbRestClientPostProcessor]? Check the corresponding BeanPostProcessor declaration and its dependencies.
2025-10-19T18:59:16.192+02:00  WARN 9467 --- [account-service] [main] trationDelegate$BeanPostProcessorChecker : Bean 'org.springframework.cloud.commons.config.CommonsConfigAutoConfiguration' of type [org.springframework.cloud.commons.config.CommonsConfigAutoConfiguration] is not eligible for getting processed by all BeanPostProcessors (for example: not eligible for auto-proxying). Is this bean getting eagerly injected into a currently created BeanPostProcessor [lbRestClientPostProcessor]? Check the corresponding BeanPostProcessor declaration and its dependencies.
2025-10-19T18:59:16.197+02:00  WARN 9467 --- [account-service] [main] trationDelegate$BeanPostProcessorChecker : Bean 'org.springframework.cloud.client.loadbalancer.LoadBalancerDefaultMappingsProviderAutoConfiguration' of type [org.springframework.cloud.client.loadbalancer.LoadBalancerDefaultMappingsProviderAutoConfiguration] is not eligible for getting processed by all BeanPostProcessors (for example: not eligible for auto-proxying). Is this bean getting eagerly injected into a currently created BeanPostProcessor [lbRestClientPostProcessor]? Check the corresponding BeanPostProcessor declaration and its dependencies.
2025-10-19T18:59:16.199+02:00  WARN 9467 --- [account-service] [main] trationDelegate$BeanPostProcessorChecker : Bean 'loadBalancerClientsDefaultsMappingsProvider' of type [org.springframework.cloud.client.loadbalancer.LoadBalancerDefaultMappingsProviderAutoConfiguration$$Lambda$714/0x000000012c4e5128] is not eligible for getting processed by all BeanPostProcessors (for example: not eligible for auto-proxying). Is this bean getting eagerly injected into a currently created BeanPostProcessor [lbRestClientPostProcessor]? Check the corresponding BeanPostProcessor declaration and its dependencies.
2025-10-19T18:59:16.203+02:00  WARN 9467 --- [account-service] [main] trationDelegate$BeanPostProcessorChecker : Bean 'defaultsBindHandlerAdvisor' of type [org.springframework.cloud.commons.config.DefaultsBindHandlerAdvisor] is not eligible for getting processed by all BeanPostProcessors (for example: not eligible for auto-proxying). Is this bean getting eagerly injected into a currently created BeanPostProcessor [lbRestClientPostProcessor]? Check the corresponding BeanPostProcessor declaration and its dependencies.
2025-10-19T18:59:16.210+02:00  WARN 9467 --- [account-service] [main] trationDelegate$BeanPostProcessorChecker : Bean 'spring.cloud.loadbalancer-org.springframework.cloud.client.loadbalancer.LoadBalancerClientsProperties' of type [org.springframework.cloud.client.loadbalancer.LoadBalancerClientsProperties] is not eligible for getting processed by all BeanPostProcessors (for example: not eligible for auto-proxying). Is this bean getting eagerly injected into a currently created BeanPostProcessor [lbRestClientPostProcessor]? Check the corresponding BeanPostProcessor declaration and its dependencies.
2025-10-19T18:59:16.220+02:00  WARN 9467 --- [account-service] [main] trationDelegate$BeanPostProcessorChecker : Bean 'default.org.springframework.cloud.loadbalancer.config.LoadBalancerAutoConfiguration.LoadBalancerClientSpecification' of type [org.springframework.cloud.loadbalancer.annotation.LoadBalancerClientSpecification] is not eligible for getting processed by all BeanPostProcessors (for example: not eligible for auto-proxying). Is this bean getting eagerly injected into a currently created BeanPostProcessor [lbRestClientPostProcessor]? Check the corresponding BeanPostProcessor declaration and its dependencies.
2025-10-19T18:59:16.224+02:00  WARN 9467 --- [account-service] [main] trationDelegate$BeanPostProcessorChecker : Bean 'default.org.springframework.cloud.loadbalancer.config.BlockingLoadBalancerClientAutoConfiguration.LoadBalancerClientSpecification' of type [org.springframework.cloud.loadbalancer.annotation.LoadBalancerClientSpecification] is not eligible for getting processed by all BeanPostProcessors (for example: not eligible for auto-proxying). Is this bean getting eagerly injected into a currently created BeanPostProcessor [lbRestClientPostProcessor]? Check the corresponding BeanPostProcessor declaration and its dependencies.
2025-10-19T18:59:16.225+02:00  WARN 9467 --- [account-service] [main] trationDelegate$BeanPostProcessorChecker : Bean 'default.org.springframework.cloud.netflix.eureka.loadbalancer.LoadBalancerEurekaAutoConfiguration.LoadBalancerClientSpecification' of type [org.springframework.cloud.loadbalancer.annotation.LoadBalancerClientSpecification] is not eligible for getting processed by all BeanPostProcessors (for example: not eligible for auto-proxying). Is this bean getting eagerly injected into a currently created BeanPostProcessor [lbRestClientPostProcessor]? Check the corresponding BeanPostProcessor declaration and its dependencies.
2025-10-19T18:59:16.227+02:00  WARN 9467 --- [account-service] [main] trationDelegate$BeanPostProcessorChecker : Bean 'loadBalancerClientFactory' of type [org.springframework.cloud.loadbalancer.support.LoadBalancerClientFactory] is not eligible for getting processed by all BeanPostProcessors (for example: not eligible for auto-proxying). Is this bean getting eagerly injected into a currently created BeanPostProcessor [lbRestClientPostProcessor]? Check the corresponding BeanPostProcessor declaration and its dependencies.
2025-10-19T18:59:16.236+02:00  WARN 9467 --- [account-service] [main] trationDelegate$BeanPostProcessorChecker : Bean 'blockingLoadBalancerClient' of type [org.springframework.cloud.loadbalancer.blocking.client.BlockingLoadBalancerClient] is not eligible for getting processed by all BeanPostProcessors (for example: not eligible for auto-proxying). Is this bean getting eagerly injected into a currently created BeanPostProcessor [lbRestClientPostProcessor]? Check the corresponding BeanPostProcessor declaration and its dependencies.
2025-10-19T18:59:16.247+02:00  WARN 9467 --- [account-service] [main] trationDelegate$BeanPostProcessorChecker : Bean 'loadBalancerServiceInstanceCookieTransformer' of type [org.springframework.cloud.loadbalancer.core.LoadBalancerServiceInstanceCookieTransformer] is not eligible for getting processed by all BeanPostProcessors (for example: not eligible for auto-proxying). Is this bean getting eagerly injected into a currently created BeanPostProcessor [lbRestClientPostProcessor]? Check the corresponding BeanPostProcessor declaration and its dependencies.
2025-10-19T18:59:16.250+02:00  WARN 9467 --- [account-service] [main] trationDelegate$BeanPostProcessorChecker : Bean 'xForwarderHeadersTransformer' of type [org.springframework.cloud.loadbalancer.blocking.XForwardedHeadersTransformer] is not eligible for getting processed by all BeanPostProcessors (for example: not eligible for auto-proxying). Is this bean getting eagerly injected into a currently created BeanPostProcessor [lbRestClientPostProcessor]? Check the corresponding BeanPostProcessor declaration and its dependencies.
2025-10-19T18:59:16.252+02:00  WARN 9467 --- [account-service] [main] trationDelegate$BeanPostProcessorChecker : Bean 'org.springframework.cloud.client.loadbalancer.LoadBalancerAutoConfiguration' of type [org.springframework.cloud.client.loadbalancer.LoadBalancerAutoConfiguration] is not eligible for getting processed by all BeanPostProcessors (for example: not eligible for auto-proxying). Is this bean getting eagerly injected into a currently created BeanPostProcessor [lbRestClientPostProcessor]? Check the corresponding BeanPostProcessor declaration and its dependencies.
2025-10-19T18:59:16.255+02:00  WARN 9467 --- [account-service] [main] trationDelegate$BeanPostProcessorChecker : Bean 'loadBalancerRequestFactory' of type [org.springframework.cloud.client.loadbalancer.LoadBalancerRequestFactory] is not eligible for getting processed by all BeanPostProcessors (for example: not eligible for auto-proxying). Is this bean getting eagerly injected into a currently created BeanPostProcessor [lbRestClientPostProcessor]? Check the corresponding BeanPostProcessor declaration and its dependencies.
2025-10-19T18:59:16.257+02:00  WARN 9467 --- [account-service] [main] trationDelegate$BeanPostProcessorChecker : Bean 'loadBalancerInterceptor' of type [org.springframework.cloud.client.loadbalancer.LoadBalancerInterceptor] is not eligible for getting processed by all BeanPostProcessors (for example: not eligible for auto-proxying). Is this bean getting eagerly injected into a currently created BeanPostProcessor [lbRestClientPostProcessor]? Check the corresponding BeanPostProcessor declaration and its dependencies.
2025-10-19T18:59:16.623+02:00  INFO 9467 --- [account-service] [main] o.s.b.w.embedded.tomcat.TomcatWebServer  : Tomcat initialized with port 8082 (http)
2025-10-19T18:59:16.635+02:00  INFO 9467 --- [account-service] [main] o.apache.catalina.core.StandardService   : Starting service [Tomcat]
2025-10-19T18:59:16.635+02:00  INFO 9467 --- [account-service] [main] o.apache.catalina.core.StandardEngine    : Starting Servlet engine: [Apache Tomcat/10.1.19]
2025-10-19T18:59:16.699+02:00  INFO 9467 --- [account-service] [main] o.a.c.c.C.[Tomcat].[localhost].[/]       : Initializing Spring embedded WebApplicationContext
2025-10-19T18:59:16.700+02:00  INFO 9467 --- [account-service] [main] w.s.c.ServletWebServerApplicationContext : Root WebApplicationContext: initialization completed in 2547 ms
2025-10-19T18:59:17.127+02:00  INFO 9467 --- [account-service] [main] com.zaxxer.hikari.HikariDataSource       : HikariPool-1 - Starting...
2025-10-19T18:59:17.352+02:00  INFO 9467 --- [account-service] [main] com.zaxxer.hikari.pool.HikariPool        : HikariPool-1 - Added connection conn0: url=jdbc:h2:mem:af7b1993-480c-4b2c-9015-c2d6c021aa5d user=SA
2025-10-19T18:59:17.353+02:00  INFO 9467 --- [account-service] [main] com.zaxxer.hikari.HikariDataSource       : HikariPool-1 - Start completed.
2025-10-19T18:59:17.405+02:00  INFO 9467 --- [account-service] [main] o.hibernate.jpa.internal.util.LogHelper  : HHH000204: Processing PersistenceUnitInfo [name: default]
2025-10-19T18:59:17.474+02:00  INFO 9467 --- [account-service] [main] org.hibernate.Version                    : HHH000412: Hibernate ORM core version 6.4.4.Final
2025-10-19T18:59:17.515+02:00  INFO 9467 --- [account-service] [main] o.h.c.internal.RegionFactoryInitiator    : HHH000026: Second-level cache disabled
2025-10-19T18:59:17.809+02:00  INFO 9467 --- [account-service] [main] o.s.o.j.p.SpringPersistenceUnitInfo      : No LoadTimeWeaver setup: ignoring JPA class transformer
2025-10-19T18:59:18.802+02:00  INFO 9467 --- [account-service] [main] o.h.e.t.j.p.i.JtaPlatformInitiator       : HHH000489: No JTA platform available (set 'hibernate.transaction.jta.platform' to enable JTA platform integration)
2025-10-19T18:59:18.847+02:00  INFO 9467 --- [account-service] [main] j.LocalContainerEntityManagerFactoryBean : Initialized JPA EntityManagerFactory for persistence unit 'default'
2025-10-19T18:59:19.444+02:00  WARN 9467 --- [account-service] [main] JpaBaseConfiguration$JpaWebConfiguration : spring.jpa.open-in-view is enabled by default. Therefore, database queries may be performed during view rendering. Explicitly configure spring.jpa.open-in-view to disable this warning
2025-10-19T18:59:19.538+02:00  INFO 9467 --- [account-service] [main] o.s.c.openfeign.FeignClientFactoryBean   : For 'CUSTOMER-SERVICE' URL not provided. Will try picking an instance via load-balancing.
2025-10-19T18:59:21.114+02:00  INFO 9467 --- [account-service] [main] DiscoveryClientOptionalArgsConfiguration : Eureka HTTP Client uses RestTemplate.
2025-10-19T18:59:21.166+02:00  WARN 9467 --- [account-service] [main] iguration$LoadBalancerCaffeineWarnLogger : Spring Cloud LoadBalancer is currently working with the default cache. While this cache implementation is useful for development and tests, it's recommended to use Caffeine cache in production.You can switch to using Caffeine cache, by adding it and org.springframework.cache.caffeine.CaffeineCacheManager to the classpath.
2025-10-19T18:59:21.189+02:00  INFO 9467 --- [account-service] [main] o.s.b.a.e.web.EndpointLinksResolver      : Exposing 1 endpoint(s) beneath base path '/actuator'
2025-10-19T18:59:21.289+02:00  INFO 9467 --- [account-service] [main] o.s.c.n.eureka.InstanceInfoFactory       : Setting initial instance status as: STARTING
2025-10-19T18:59:21.331+02:00  INFO 9467 --- [account-service] [main] com.netflix.discovery.DiscoveryClient    : Initializing Eureka in region us-east-1
2025-10-19T18:59:21.336+02:00  INFO 9467 --- [account-service] [main] c.n.d.s.r.aws.ConfigClusterResolver      : Resolving eureka endpoints via configuration
2025-10-19T18:59:21.359+02:00  INFO 9467 --- [account-service] [main] com.netflix.discovery.DiscoveryClient    : Disable delta property : false
2025-10-19T18:59:21.359+02:00  INFO 9467 --- [account-service] [main] com.netflix.discovery.DiscoveryClient    : Single vip registry refresh property : null
2025-10-19T18:59:21.359+02:00  INFO 9467 --- [account-service] [main] com.netflix.discovery.DiscoveryClient    : Force full registry fetch : false
2025-10-19T18:59:21.360+02:00  INFO 9467 --- [account-service] [main] com.netflix.discovery.DiscoveryClient    : Application is null : false
2025-10-19T18:59:21.360+02:00  INFO 9467 --- [account-service] [main] com.netflix.discovery.DiscoveryClient    : Registered Applications size is zero : true
2025-10-19T18:59:21.360+02:00  INFO 9467 --- [account-service] [main] com.netflix.discovery.DiscoveryClient    : Application version is -1: true
2025-10-19T18:59:21.360+02:00  INFO 9467 --- [account-service] [main] com.netflix.discovery.DiscoveryClient    : Getting all instance registry info from the eureka server
2025-10-19T18:59:21.731+02:00  INFO 9467 --- [account-service] [main] com.netflix.discovery.DiscoveryClient    : The response status is 200
2025-10-19T18:59:21.735+02:00  INFO 9467 --- [account-service] [main] com.netflix.discovery.DiscoveryClient    : Starting heartbeat executor: renew interval is: 30
2025-10-19T18:59:21.740+02:00  INFO 9467 --- [account-service] [main] c.n.discovery.InstanceInfoReplicator     : InstanceInfoReplicator onDemand update allowed rate per min is 4
2025-10-19T18:59:21.746+02:00  INFO 9467 --- [account-service] [main] com.netflix.discovery.DiscoveryClient    : Discovery Client initialized at timestamp 1760893161746 with initial instances count: 2
2025-10-19T18:59:21.762+02:00  INFO 9467 --- [account-service] [main] o.s.c.n.e.s.EurekaServiceRegistry        : Registering application ACCOUNT-SERVICE with eureka with status UP
2025-10-19T18:59:21.763+02:00  INFO 9467 --- [account-service] [main] com.netflix.discovery.DiscoveryClient    : Saw local status change event StatusChangeEvent [timestamp=1760893161762, current=UP, previous=STARTING]
2025-10-19T18:59:21.764+02:00  INFO 9467 --- [account-service] [DiscoveryClient-InstanceInfoReplicator-0] com.netflix.discovery.DiscoveryClient    : DiscoveryClient_ACCOUNT-SERVICE/mbp-de-macbook:account-service:8082: registering service...
2025-10-19T18:59:21.784+02:00  INFO 9467 --- [account-service] [main] o.s.b.w.embedded.tomcat.TomcatWebServer  : Tomcat started on port 8082 (http) with context path ''
2025-10-19T18:59:21.785+02:00  INFO 9467 --- [account-service] [main] .s.c.n.e.s.EurekaAutoServiceRegistration : Updating port to 8082
2025-10-19T18:59:21.807+02:00  INFO 9467 --- [account-service] [DiscoveryClient-InstanceInfoReplicator-0] com.netflix.discovery.DiscoveryClient    : DiscoveryClient_ACCOUNT-SERVICE/mbp-de-macbook:account-service:8082 - registration status: 204
2025-10-19T18:59:21.823+02:00  INFO 9467 --- [account-service] [main] t.a.a.AccountServiceApplication          : Started AccountServiceApplication in 8.623 seconds (process running for 9.188)
2025-10-19T18:59:21.931+02:00  WARN 9467 --- [account-service] [main] o.s.c.l.core.RoundRobinLoadBalancer      : No servers available for service: CUSTOMER-SERVICE
2025-10-19T18:59:21.936+02:00  WARN 9467 --- [account-service] [main] .s.c.o.l.FeignBlockingLoadBalancerClient : Load balancer does not contain an instance for the service CUSTOMER-SERVICE
2025-10-19T19:03:50.170+02:00  INFO 9467 --- [account-service] [http-nio-8082-exec-1] o.a.c.c.C.[Tomcat].[localhost].[/]       : Initializing Spring DispatcherServlet 'dispatcherServlet'
2025-10-19T19:03:50.173+02:00  INFO 9467 --- [account-service] [http-nio-8082-exec-1] o.s.web.servlet.DispatcherServlet        : Initializing Servlet 'dispatcherServlet'
2025-10-19T19:03:50.185+02:00  INFO 9467 --- [account-service] [http-nio-8082-exec-1] o.s.web.servlet.DispatcherServlet        : Completed initialization in 12 ms
2025-10-19T19:03:51.105+02:00  INFO 9467 --- [account-service] [http-nio-8082-exec-9] o.springdoc.api.AbstractOpenApiResource  : Init duration for springdoc-openapi is: 212 ms
2025-10-19T19:04:21.346+02:00  INFO 9467 --- [account-service] [AsyncResolver-bootstrap-executor-0] c.n.d.s.r.aws.ConfigClusterResolver      : Resolving eureka endpoints via configuration
2025-10-19T19:05:35.910+02:00  INFO 9862 --- [account-service] [main] t.a.a.AccountServiceApplication          : Starting AccountServiceApplication using Java 17.0.8 with PID 9862 (/Users/macbook/Desktop/MED-YOUSSFI/bank-account-app-microservice/account-service/target/classes started by macbook in /Users/macbook/Desktop/MED-YOUSSFI/bank-account-app-microservice)
2025-10-19T19:05:35.913+02:00  INFO 9862 --- [account-service] [main] t.a.a.AccountServiceApplication          : No active profile set, falling back to 1 default profile: "default"
2025-10-19T19:05:35.950+02:00  INFO 9862 --- [account-service] [main] o.s.c.c.c.ConfigServerConfigDataLoader   : Fetching config from server at : http://localhost:9999
2025-10-19T19:05:35.951+02:00  WARN 9862 --- [account-service] [main] o.s.c.c.c.ConfigServerConfigDataLoader   : Could not locate PropertySource ([ConfigServerConfigDataResource@7646731d uris = array<String>['http://localhost:9999'], optional = true, profiles = 'default']): None of labels [] found
2025-10-19T19:05:35.951+02:00  INFO 9862 --- [account-service] [main] o.s.c.c.c.ConfigServerConfigDataLoader   : Fetching config from server at : http://localhost:9999
2025-10-19T19:05:35.951+02:00  WARN 9862 --- [account-service] [main] o.s.c.c.c.ConfigServerConfigDataLoader   : Could not locate PropertySource ([ConfigServerConfigDataResource@fac80 uris = array<String>['http://localhost:9999'], optional = true, profiles = 'default']): None of labels [] found
2025-10-19T19:05:35.951+02:00  INFO 9862 --- [account-service] [main] o.s.c.c.c.ConfigServerConfigDataLoader   : Fetching config from server at : http://localhost:9999
2025-10-19T19:05:35.951+02:00  WARN 9862 --- [account-service] [main] o.s.c.c.c.ConfigServerConfigDataLoader   : Could not locate PropertySource ([ConfigServerConfigDataResource@14bb2297 uris = array<String>['http://localhost:9999'], optional = true, profiles = 'default']): None of labels [] found
2025-10-19T19:05:37.018+02:00  INFO 9862 --- [account-service] [main] .s.d.r.c.RepositoryConfigurationDelegate : Bootstrapping Spring Data JPA repositories in DEFAULT mode.
2025-10-19T19:05:37.190+02:00  INFO 9862 --- [account-service] [main] .s.d.r.c.RepositoryConfigurationDelegate : Finished Spring Data repository scanning in 164 ms. Found 1 JPA repository interface.
2025-10-19T19:05:37.520+02:00  INFO 9862 --- [account-service] [main] o.s.cloud.context.scope.GenericScope     : BeanFactory id=32387370-0f35-34bf-98cc-8f8caa90688a
2025-10-19T19:05:37.881+02:00  WARN 9862 --- [account-service] [main] trationDelegate$BeanPostProcessorChecker : Bean 'org.springframework.cloud.client.loadbalancer.LoadBalancerAutoConfiguration$LoadBalancerInterceptorConfig' of type [org.springframework.cloud.client.loadbalancer.LoadBalancerAutoConfiguration$LoadBalancerInterceptorConfig] is not eligible for getting processed by all BeanPostProcessors (for example: not eligible for auto-proxying). The currently created BeanPostProcessor [lbRestClientPostProcessor] is declared through a non-static factory method on that class; consider declaring it as static instead.
2025-10-19T19:05:37.886+02:00  WARN 9862 --- [account-service] [main] trationDelegate$BeanPostProcessorChecker : Bean 'org.springframework.cloud.loadbalancer.config.BlockingLoadBalancerClientAutoConfiguration' of type [org.springframework.cloud.loadbalancer.config.BlockingLoadBalancerClientAutoConfiguration] is not eligible for getting processed by all BeanPostProcessors (for example: not eligible for auto-proxying). Is this bean getting eagerly injected into a currently created BeanPostProcessor [lbRestClientPostProcessor]? Check the corresponding BeanPostProcessor declaration and its dependencies.
2025-10-19T19:05:37.891+02:00  WARN 9862 --- [account-service] [main] trationDelegate$BeanPostProcessorChecker : Bean 'org.springframework.cloud.loadbalancer.config.LoadBalancerAutoConfiguration' of type [org.springframework.cloud.loadbalancer.config.LoadBalancerAutoConfiguration] is not eligible for getting processed by all BeanPostProcessors (for example: not eligible for auto-proxying). Is this bean getting eagerly injected into a currently created BeanPostProcessor [lbRestClientPostProcessor]? Check the corresponding BeanPostProcessor declaration and its dependencies.
2025-10-19T19:05:37.902+02:00  WARN 9862 --- [account-service] [main] trationDelegate$BeanPostProcessorChecker : Bean 'org.springframework.cloud.commons.config.CommonsConfigAutoConfiguration' of type [org.springframework.cloud.commons.config.CommonsConfigAutoConfiguration] is not eligible for getting processed by all BeanPostProcessors (for example: not eligible for auto-proxying). Is this bean getting eagerly injected into a currently created BeanPostProcessor [lbRestClientPostProcessor]? Check the corresponding BeanPostProcessor declaration and its dependencies.
2025-10-19T19:05:37.907+02:00  WARN 9862 --- [account-service] [main] trationDelegate$BeanPostProcessorChecker : Bean 'org.springframework.cloud.client.loadbalancer.LoadBalancerDefaultMappingsProviderAutoConfiguration' of type [org.springframework.cloud.client.loadbalancer.LoadBalancerDefaultMappingsProviderAutoConfiguration] is not eligible for getting processed by all BeanPostProcessors (for example: not eligible for auto-proxying). Is this bean getting eagerly injected into a currently created BeanPostProcessor [lbRestClientPostProcessor]? Check the corresponding BeanPostProcessor declaration and its dependencies.
2025-10-19T19:05:37.909+02:00  WARN 9862 --- [account-service] [main] trationDelegate$BeanPostProcessorChecker : Bean 'loadBalancerClientsDefaultsMappingsProvider' of type [org.springframework.cloud.client.loadbalancer.LoadBalancerDefaultMappingsProviderAutoConfiguration$$Lambda$718/0x0000000124517c68] is not eligible for getting processed by all BeanPostProcessors (for example: not eligible for auto-proxying). Is this bean getting eagerly injected into a currently created BeanPostProcessor [lbRestClientPostProcessor]? Check the corresponding BeanPostProcessor declaration and its dependencies.
2025-10-19T19:05:37.913+02:00  WARN 9862 --- [account-service] [main] trationDelegate$BeanPostProcessorChecker : Bean 'defaultsBindHandlerAdvisor' of type [org.springframework.cloud.commons.config.DefaultsBindHandlerAdvisor] is not eligible for getting processed by all BeanPostProcessors (for example: not eligible for auto-proxying). Is this bean getting eagerly injected into a currently created BeanPostProcessor [lbRestClientPostProcessor]? Check the corresponding BeanPostProcessor declaration and its dependencies.
2025-10-19T19:05:37.920+02:00  WARN 9862 --- [account-service] [main] trationDelegate$BeanPostProcessorChecker : Bean 'spring.cloud.loadbalancer-org.springframework.cloud.client.loadbalancer.LoadBalancerClientsProperties' of type [org.springframework.cloud.client.loadbalancer.LoadBalancerClientsProperties] is not eligible for getting processed by all BeanPostProcessors (for example: not eligible for auto-proxying). Is this bean getting eagerly injected into a currently created BeanPostProcessor [lbRestClientPostProcessor]? Check the corresponding BeanPostProcessor declaration and its dependencies.
2025-10-19T19:05:37.931+02:00  WARN 9862 --- [account-service] [main] trationDelegate$BeanPostProcessorChecker : Bean 'default.org.springframework.cloud.loadbalancer.config.LoadBalancerAutoConfiguration.LoadBalancerClientSpecification' of type [org.springframework.cloud.loadbalancer.annotation.LoadBalancerClientSpecification] is not eligible for getting processed by all BeanPostProcessors (for example: not eligible for auto-proxying). Is this bean getting eagerly injected into a currently created BeanPostProcessor [lbRestClientPostProcessor]? Check the corresponding BeanPostProcessor declaration and its dependencies.
2025-10-19T19:05:37.934+02:00  WARN 9862 --- [account-service] [main] trationDelegate$BeanPostProcessorChecker : Bean 'default.org.springframework.cloud.loadbalancer.config.BlockingLoadBalancerClientAutoConfiguration.LoadBalancerClientSpecification' of type [org.springframework.cloud.loadbalancer.annotation.LoadBalancerClientSpecification] is not eligible for getting processed by all BeanPostProcessors (for example: not eligible for auto-proxying). Is this bean getting eagerly injected into a currently created BeanPostProcessor [lbRestClientPostProcessor]? Check the corresponding BeanPostProcessor declaration and its dependencies.
2025-10-19T19:05:37.935+02:00  WARN 9862 --- [account-service] [main] trationDelegate$BeanPostProcessorChecker : Bean 'default.org.springframework.cloud.netflix.eureka.loadbalancer.LoadBalancerEurekaAutoConfiguration.LoadBalancerClientSpecification' of type [org.springframework.cloud.loadbalancer.annotation.LoadBalancerClientSpecification] is not eligible for getting processed by all BeanPostProcessors (for example: not eligible for auto-proxying). Is this bean getting eagerly injected into a currently created BeanPostProcessor [lbRestClientPostProcessor]? Check the corresponding BeanPostProcessor declaration and its dependencies.
2025-10-19T19:05:37.936+02:00  WARN 9862 --- [account-service] [main] trationDelegate$BeanPostProcessorChecker : Bean 'loadBalancerClientFactory' of type [org.springframework.cloud.loadbalancer.support.LoadBalancerClientFactory] is not eligible for getting processed by all BeanPostProcessors (for example: not eligible for auto-proxying). Is this bean getting eagerly injected into a currently created BeanPostProcessor [lbRestClientPostProcessor]? Check the corresponding BeanPostProcessor declaration and its dependencies.
2025-10-19T19:05:37.944+02:00  WARN 9862 --- [account-service] [main] trationDelegate$BeanPostProcessorChecker : Bean 'blockingLoadBalancerClient' of type [org.springframework.cloud.loadbalancer.blocking.client.BlockingLoadBalancerClient] is not eligible for getting processed by all BeanPostProcessors (for example: not eligible for auto-proxying). Is this bean getting eagerly injected into a currently created BeanPostProcessor [lbRestClientPostProcessor]? Check the corresponding BeanPostProcessor declaration and its dependencies.
2025-10-19T19:05:37.956+02:00  WARN 9862 --- [account-service] [main] trationDelegate$BeanPostProcessorChecker : Bean 'loadBalancerServiceInstanceCookieTransformer' of type [org.springframework.cloud.loadbalancer.core.LoadBalancerServiceInstanceCookieTransformer] is not eligible for getting processed by all BeanPostProcessors (for example: not eligible for auto-proxying). Is this bean getting eagerly injected into a currently created BeanPostProcessor [lbRestClientPostProcessor]? Check the corresponding BeanPostProcessor declaration and its dependencies.
2025-10-19T19:05:37.959+02:00  WARN 9862 --- [account-service] [main] trationDelegate$BeanPostProcessorChecker : Bean 'xForwarderHeadersTransformer' of type [org.springframework.cloud.loadbalancer.blocking.XForwardedHeadersTransformer] is not eligible for getting processed by all BeanPostProcessors (for example: not eligible for auto-proxying). Is this bean getting eagerly injected into a currently created BeanPostProcessor [lbRestClientPostProcessor]? Check the corresponding BeanPostProcessor declaration and its dependencies.
2025-10-19T19:05:37.961+02:00  WARN 9862 --- [account-service] [main] trationDelegate$BeanPostProcessorChecker : Bean 'org.springframework.cloud.client.loadbalancer.LoadBalancerAutoConfiguration' of type [org.springframework.cloud.client.loadbalancer.LoadBalancerAutoConfiguration] is not eligible for getting processed by all BeanPostProcessors (for example: not eligible for auto-proxying). Is this bean getting eagerly injected into a currently created BeanPostProcessor [lbRestClientPostProcessor]? Check the corresponding BeanPostProcessor declaration and its dependencies.
2025-10-19T19:05:37.964+02:00  WARN 9862 --- [account-service] [main] trationDelegate$BeanPostProcessorChecker : Bean 'loadBalancerRequestFactory' of type [org.springframework.cloud.client.loadbalancer.LoadBalancerRequestFactory] is not eligible for getting processed by all BeanPostProcessors (for example: not eligible for auto-proxying). Is this bean getting eagerly injected into a currently created BeanPostProcessor [lbRestClientPostProcessor]? Check the corresponding BeanPostProcessor declaration and its dependencies.
2025-10-19T19:05:37.966+02:00  WARN 9862 --- [account-service] [main] trationDelegate$BeanPostProcessorChecker : Bean 'loadBalancerInterceptor' of type [org.springframework.cloud.client.loadbalancer.LoadBalancerInterceptor] is not eligible for getting processed by all BeanPostProcessors (for example: not eligible for auto-proxying). Is this bean getting eagerly injected into a currently created BeanPostProcessor [lbRestClientPostProcessor]? Check the corresponding BeanPostProcessor declaration and its dependencies.
2025-10-19T19:05:38.302+02:00  INFO 9862 --- [account-service] [main] o.s.b.w.embedded.tomcat.TomcatWebServer  : Tomcat initialized with port 8082 (http)
2025-10-19T19:05:38.315+02:00  INFO 9862 --- [account-service] [main] o.apache.catalina.core.StandardService   : Starting service [Tomcat]
2025-10-19T19:05:38.316+02:00  INFO 9862 --- [account-service] [main] o.apache.catalina.core.StandardEngine    : Starting Servlet engine: [Apache Tomcat/10.1.19]
2025-10-19T19:05:38.381+02:00  INFO 9862 --- [account-service] [main] o.a.c.c.C.[Tomcat].[localhost].[/]       : Initializing Spring embedded WebApplicationContext
2025-10-19T19:05:38.382+02:00  INFO 9862 --- [account-service] [main] w.s.c.ServletWebServerApplicationContext : Root WebApplicationContext: initialization completed in 2429 ms
2025-10-19T19:05:38.785+02:00  INFO 9862 --- [account-service] [main] com.zaxxer.hikari.HikariDataSource       : HikariPool-1 - Starting...
2025-10-19T19:05:39.011+02:00  INFO 9862 --- [account-service] [main] com.zaxxer.hikari.pool.HikariPool        : HikariPool-1 - Added connection conn0: url=jdbc:h2:mem:c5458b7e-9a88-46b6-9fd8-b83398f1dafd user=SA
2025-10-19T19:05:39.013+02:00  INFO 9862 --- [account-service] [main] com.zaxxer.hikari.HikariDataSource       : HikariPool-1 - Start completed.
2025-10-19T19:05:39.064+02:00  INFO 9862 --- [account-service] [main] o.hibernate.jpa.internal.util.LogHelper  : HHH000204: Processing PersistenceUnitInfo [name: default]
2025-10-19T19:05:39.125+02:00  INFO 9862 --- [account-service] [main] org.hibernate.Version                    : HHH000412: Hibernate ORM core version 6.4.4.Final
2025-10-19T19:05:39.160+02:00  INFO 9862 --- [account-service] [main] o.h.c.internal.RegionFactoryInitiator    : HHH000026: Second-level cache disabled
2025-10-19T19:05:39.403+02:00  INFO 9862 --- [account-service] [main] o.s.o.j.p.SpringPersistenceUnitInfo      : No LoadTimeWeaver setup: ignoring JPA class transformer
2025-10-19T19:05:40.327+02:00  INFO 9862 --- [account-service] [main] o.h.e.t.j.p.i.JtaPlatformInitiator       : HHH000489: No JTA platform available (set 'hibernate.transaction.jta.platform' to enable JTA platform integration)
2025-10-19T19:05:40.367+02:00  INFO 9862 --- [account-service] [main] j.LocalContainerEntityManagerFactoryBean : Initialized JPA EntityManagerFactory for persistence unit 'default'
2025-10-19T19:05:40.928+02:00  WARN 9862 --- [account-service] [main] JpaBaseConfiguration$JpaWebConfiguration : spring.jpa.open-in-view is enabled by default. Therefore, database queries may be performed during view rendering. Explicitly configure spring.jpa.open-in-view to disable this warning
2025-10-19T19:05:41.060+02:00  INFO 9862 --- [account-service] [main] o.s.c.openfeign.FeignClientFactoryBean   : For 'CUSTOMER-SERVICE' URL not provided. Will try picking an instance via load-balancing.
2025-10-19T19:05:42.809+02:00  INFO 9862 --- [account-service] [main] DiscoveryClientOptionalArgsConfiguration : Eureka HTTP Client uses RestTemplate.
2025-10-19T19:05:42.859+02:00  WARN 9862 --- [account-service] [main] iguration$LoadBalancerCaffeineWarnLogger : Spring Cloud LoadBalancer is currently working with the default cache. While this cache implementation is useful for development and tests, it's recommended to use Caffeine cache in production.You can switch to using Caffeine cache, by adding it and org.springframework.cache.caffeine.CaffeineCacheManager to the classpath.
2025-10-19T19:05:42.885+02:00  INFO 9862 --- [account-service] [main] o.s.b.a.e.web.EndpointLinksResolver      : Exposing 1 endpoint(s) beneath base path '/actuator'
2025-10-19T19:05:42.995+02:00  INFO 9862 --- [account-service] [main] o.s.c.n.eureka.InstanceInfoFactory       : Setting initial instance status as: STARTING
2025-10-19T19:05:43.039+02:00  INFO 9862 --- [account-service] [main] com.netflix.discovery.DiscoveryClient    : Initializing Eureka in region us-east-1
2025-10-19T19:05:43.046+02:00  INFO 9862 --- [account-service] [main] c.n.d.s.r.aws.ConfigClusterResolver      : Resolving eureka endpoints via configuration
2025-10-19T19:05:43.072+02:00  INFO 9862 --- [account-service] [main] com.netflix.discovery.DiscoveryClient    : Disable delta property : false
2025-10-19T19:05:43.072+02:00  INFO 9862 --- [account-service] [main] com.netflix.discovery.DiscoveryClient    : Single vip registry refresh property : null
2025-10-19T19:05:43.072+02:00  INFO 9862 --- [account-service] [main] com.netflix.discovery.DiscoveryClient    : Force full registry fetch : false
2025-10-19T19:05:43.072+02:00  INFO 9862 --- [account-service] [main] com.netflix.discovery.DiscoveryClient    : Application is null : false
2025-10-19T19:05:43.072+02:00  INFO 9862 --- [account-service] [main] com.netflix.discovery.DiscoveryClient    : Registered Applications size is zero : true
2025-10-19T19:05:43.073+02:00  INFO 9862 --- [account-service] [main] com.netflix.discovery.DiscoveryClient    : Application version is -1: true
2025-10-19T19:05:43.073+02:00  INFO 9862 --- [account-service] [main] com.netflix.discovery.DiscoveryClient    : Getting all instance registry info from the eureka server
2025-10-19T19:05:43.366+02:00  INFO 9862 --- [account-service] [main] com.netflix.discovery.DiscoveryClient    : The response status is 200
2025-10-19T19:05:43.370+02:00  INFO 9862 --- [account-service] [main] com.netflix.discovery.DiscoveryClient    : Starting heartbeat executor: renew interval is: 30
2025-10-19T19:05:43.373+02:00  INFO 9862 --- [account-service] [main] c.n.discovery.InstanceInfoReplicator     : InstanceInfoReplicator onDemand update allowed rate per min is 4
2025-10-19T19:05:43.376+02:00  INFO 9862 --- [account-service] [main] com.netflix.discovery.DiscoveryClient    : Discovery Client initialized at timestamp 1760893543376 with initial instances count: 3
2025-10-19T19:05:43.401+02:00  INFO 9862 --- [account-service] [main] o.s.c.n.e.s.EurekaServiceRegistry        : Registering application ACCOUNT-SERVICE with eureka with status UP
2025-10-19T19:05:43.401+02:00  INFO 9862 --- [account-service] [main] com.netflix.discovery.DiscoveryClient    : Saw local status change event StatusChangeEvent [timestamp=1760893543401, current=UP, previous=STARTING]
2025-10-19T19:05:43.403+02:00  INFO 9862 --- [account-service] [DiscoveryClient-InstanceInfoReplicator-0] com.netflix.discovery.DiscoveryClient    : DiscoveryClient_ACCOUNT-SERVICE/mbp-de-macbook:account-service:8082: registering service...
2025-10-19T19:05:43.411+02:00  INFO 9862 --- [account-service] [main] o.s.c.n.e.s.EurekaServiceRegistry        : Unregistering application ACCOUNT-SERVICE with eureka with status DOWN
2025-10-19T19:05:43.411+02:00  INFO 9862 --- [account-service] [main] com.netflix.discovery.DiscoveryClient    : Saw local status change event StatusChangeEvent [timestamp=1760893543411, current=DOWN, previous=UP]
2025-10-19T19:05:43.411+02:00  WARN 9862 --- [account-service] [main] ConfigServletWebServerApplicationContext : Exception encountered during context initialization - cancelling refresh attempt: org.springframework.context.ApplicationContextException: Failed to start bean 'webServerStartStop'
2025-10-19T19:05:43.418+02:00  INFO 9862 --- [account-service] [main] j.LocalContainerEntityManagerFactoryBean : Closing JPA EntityManagerFactory for persistence unit 'default'
2025-10-19T19:05:43.422+02:00  INFO 9862 --- [account-service] [main] com.zaxxer.hikari.HikariDataSource       : HikariPool-1 - Shutdown initiated...
2025-10-19T19:05:43.424+02:00  INFO 9862 --- [account-service] [main] com.zaxxer.hikari.HikariDataSource       : HikariPool-1 - Shutdown completed.
2025-10-19T19:05:43.426+02:00  INFO 9862 --- [account-service] [main] com.netflix.discovery.DiscoveryClient    : Shutting down DiscoveryClient ...
2025-10-19T19:05:43.442+02:00  INFO 9862 --- [account-service] [DiscoveryClient-InstanceInfoReplicator-0] com.netflix.discovery.DiscoveryClient    : DiscoveryClient_ACCOUNT-SERVICE/mbp-de-macbook:account-service:8082 - registration status: 204
2025-10-19T19:05:43.442+02:00  INFO 9862 --- [account-service] [DiscoveryClient-InstanceInfoReplicator-0] com.netflix.discovery.DiscoveryClient    : DiscoveryClient_ACCOUNT-SERVICE/mbp-de-macbook:account-service:8082: registering service...
2025-10-19T19:05:43.447+02:00  INFO 9862 --- [account-service] [DiscoveryClient-InstanceInfoReplicator-0] com.netflix.discovery.DiscoveryClient    : DiscoveryClient_ACCOUNT-SERVICE/mbp-de-macbook:account-service:8082 - registration status: 204
2025-10-19T19:05:43.448+02:00  INFO 9862 --- [account-service] [main] com.netflix.discovery.DiscoveryClient    : Unregistering ...
2025-10-19T19:05:43.453+02:00  INFO 9862 --- [account-service] [main] com.netflix.discovery.DiscoveryClient    : DiscoveryClient_ACCOUNT-SERVICE/mbp-de-macbook:account-service:8082 - deregister  status: 200
2025-10-19T19:05:43.458+02:00  INFO 9862 --- [account-service] [main] com.netflix.discovery.DiscoveryClient    : Completed shut down of DiscoveryClient
2025-10-19T19:05:43.484+02:00  INFO 9862 --- [account-service] [main] .s.b.a.l.ConditionEvaluationReportLogger : 

Error starting ApplicationContext. To display the condition evaluation report re-run your application with 'debug' enabled.
2025-10-19T19:05:43.505+02:00 ERROR 9862 --- [account-service] [main] o.s.b.d.LoggingFailureAnalysisReporter   : 

***************************
APPLICATION FAILED TO START
***************************

Description:

Web server failed to start. Port 8082 was already in use.

Action:

Identify and stop the process that's listening on port 8082 or configure this application to listen on another port.

2025-10-19T19:05:51.932+02:00  INFO 9467 --- [account-service] [DiscoveryClient-HeartbeatExecutor-0] com.netflix.discovery.DiscoveryClient    : DiscoveryClient_ACCOUNT-SERVICE/mbp-de-macbook:account-service:8082 - Re-registering apps/ACCOUNT-SERVICE
2025-10-19T19:05:51.933+02:00  INFO 9467 --- [account-service] [DiscoveryClient-HeartbeatExecutor-0] com.netflix.discovery.DiscoveryClient    : DiscoveryClient_ACCOUNT-SERVICE/mbp-de-macbook:account-service:8082: registering service...
2025-10-19T19:05:51.939+02:00  INFO 9467 --- [account-service] [DiscoveryClient-HeartbeatExecutor-0] com.netflix.discovery.DiscoveryClient    : DiscoveryClient_ACCOUNT-SERVICE/mbp-de-macbook:account-service:8082 - registration status: 204
2025-10-19T19:06:35.395+02:00  INFO 9919 --- [account-service] [main] t.a.a.AccountServiceApplication          : Starting AccountServiceApplication using Java 17.0.8 with PID 9919 (/Users/macbook/Desktop/MED-YOUSSFI/bank-account-app-microservice/account-service/target/classes started by macbook in /Users/macbook/Desktop/MED-YOUSSFI/bank-account-app-microservice)
2025-10-19T19:06:35.398+02:00  INFO 9919 --- [account-service] [main] t.a.a.AccountServiceApplication          : No active profile set, falling back to 1 default profile: "default"
2025-10-19T19:06:35.436+02:00  INFO 9919 --- [account-service] [main] o.s.c.c.c.ConfigServerConfigDataLoader   : Fetching config from server at : http://localhost:9999
2025-10-19T19:06:35.436+02:00  WARN 9919 --- [account-service] [main] o.s.c.c.c.ConfigServerConfigDataLoader   : Could not locate PropertySource ([ConfigServerConfigDataResource@7646731d uris = array<String>['http://localhost:9999'], optional = true, profiles = 'default']): None of labels [] found
2025-10-19T19:06:35.437+02:00  INFO 9919 --- [account-service] [main] o.s.c.c.c.ConfigServerConfigDataLoader   : Fetching config from server at : http://localhost:9999
2025-10-19T19:06:35.437+02:00  WARN 9919 --- [account-service] [main] o.s.c.c.c.ConfigServerConfigDataLoader   : Could not locate PropertySource ([ConfigServerConfigDataResource@fac80 uris = array<String>['http://localhost:9999'], optional = true, profiles = 'default']): None of labels [] found
2025-10-19T19:06:35.437+02:00  INFO 9919 --- [account-service] [main] o.s.c.c.c.ConfigServerConfigDataLoader   : Fetching config from server at : http://localhost:9999
2025-10-19T19:06:35.437+02:00  WARN 9919 --- [account-service] [main] o.s.c.c.c.ConfigServerConfigDataLoader   : Could not locate PropertySource ([ConfigServerConfigDataResource@14bb2297 uris = array<String>['http://localhost:9999'], optional = true, profiles = 'default']): None of labels [] found
2025-10-19T19:06:36.527+02:00  INFO 9919 --- [account-service] [main] .s.d.r.c.RepositoryConfigurationDelegate : Bootstrapping Spring Data JPA repositories in DEFAULT mode.
2025-10-19T19:06:36.696+02:00  INFO 9919 --- [account-service] [main] .s.d.r.c.RepositoryConfigurationDelegate : Finished Spring Data repository scanning in 161 ms. Found 1 JPA repository interface.
2025-10-19T19:06:37.026+02:00  INFO 9919 --- [account-service] [main] o.s.cloud.context.scope.GenericScope     : BeanFactory id=32387370-0f35-34bf-98cc-8f8caa90688a
2025-10-19T19:06:37.358+02:00  WARN 9919 --- [account-service] [main] trationDelegate$BeanPostProcessorChecker : Bean 'org.springframework.cloud.client.loadbalancer.LoadBalancerAutoConfiguration$LoadBalancerInterceptorConfig' of type [org.springframework.cloud.client.loadbalancer.LoadBalancerAutoConfiguration$LoadBalancerInterceptorConfig] is not eligible for getting processed by all BeanPostProcessors (for example: not eligible for auto-proxying). The currently created BeanPostProcessor [lbRestClientPostProcessor] is declared through a non-static factory method on that class; consider declaring it as static instead.
2025-10-19T19:06:37.363+02:00  WARN 9919 --- [account-service] [main] trationDelegate$BeanPostProcessorChecker : Bean 'org.springframework.cloud.loadbalancer.config.BlockingLoadBalancerClientAutoConfiguration' of type [org.springframework.cloud.loadbalancer.config.BlockingLoadBalancerClientAutoConfiguration] is not eligible for getting processed by all BeanPostProcessors (for example: not eligible for auto-proxying). Is this bean getting eagerly injected into a currently created BeanPostProcessor [lbRestClientPostProcessor]? Check the corresponding BeanPostProcessor declaration and its dependencies.
2025-10-19T19:06:37.367+02:00  WARN 9919 --- [account-service] [main] trationDelegate$BeanPostProcessorChecker : Bean 'org.springframework.cloud.loadbalancer.config.LoadBalancerAutoConfiguration' of type [org.springframework.cloud.loadbalancer.config.LoadBalancerAutoConfiguration] is not eligible for getting processed by all BeanPostProcessors (for example: not eligible for auto-proxying). Is this bean getting eagerly injected into a currently created BeanPostProcessor [lbRestClientPostProcessor]? Check the corresponding BeanPostProcessor declaration and its dependencies.
2025-10-19T19:06:37.378+02:00  WARN 9919 --- [account-service] [main] trationDelegate$BeanPostProcessorChecker : Bean 'org.springframework.cloud.commons.config.CommonsConfigAutoConfiguration' of type [org.springframework.cloud.commons.config.CommonsConfigAutoConfiguration] is not eligible for getting processed by all BeanPostProcessors (for example: not eligible for auto-proxying). Is this bean getting eagerly injected into a currently created BeanPostProcessor [lbRestClientPostProcessor]? Check the corresponding BeanPostProcessor declaration and its dependencies.
2025-10-19T19:06:37.383+02:00  WARN 9919 --- [account-service] [main] trationDelegate$BeanPostProcessorChecker : Bean 'org.springframework.cloud.client.loadbalancer.LoadBalancerDefaultMappingsProviderAutoConfiguration' of type [org.springframework.cloud.client.loadbalancer.LoadBalancerDefaultMappingsProviderAutoConfiguration] is not eligible for getting processed by all BeanPostProcessors (for example: not eligible for auto-proxying). Is this bean getting eagerly injected into a currently created BeanPostProcessor [lbRestClientPostProcessor]? Check the corresponding BeanPostProcessor declaration and its dependencies.
2025-10-19T19:06:37.385+02:00  WARN 9919 --- [account-service] [main] trationDelegate$BeanPostProcessorChecker : Bean 'loadBalancerClientsDefaultsMappingsProvider' of type [org.springframework.cloud.client.loadbalancer.LoadBalancerDefaultMappingsProviderAutoConfiguration$$Lambda$718/0x00000001205167c8] is not eligible for getting processed by all BeanPostProcessors (for example: not eligible for auto-proxying). Is this bean getting eagerly injected into a currently created BeanPostProcessor [lbRestClientPostProcessor]? Check the corresponding BeanPostProcessor declaration and its dependencies.
2025-10-19T19:06:37.388+02:00  WARN 9919 --- [account-service] [main] trationDelegate$BeanPostProcessorChecker : Bean 'defaultsBindHandlerAdvisor' of type [org.springframework.cloud.commons.config.DefaultsBindHandlerAdvisor] is not eligible for getting processed by all BeanPostProcessors (for example: not eligible for auto-proxying). Is this bean getting eagerly injected into a currently created BeanPostProcessor [lbRestClientPostProcessor]? Check the corresponding BeanPostProcessor declaration and its dependencies.
2025-10-19T19:06:37.394+02:00  WARN 9919 --- [account-service] [main] trationDelegate$BeanPostProcessorChecker : Bean 'spring.cloud.loadbalancer-org.springframework.cloud.client.loadbalancer.LoadBalancerClientsProperties' of type [org.springframework.cloud.client.loadbalancer.LoadBalancerClientsProperties] is not eligible for getting processed by all BeanPostProcessors (for example: not eligible for auto-proxying). Is this bean getting eagerly injected into a currently created BeanPostProcessor [lbRestClientPostProcessor]? Check the corresponding BeanPostProcessor declaration and its dependencies.
2025-10-19T19:06:37.403+02:00  WARN 9919 --- [account-service] [main] trationDelegate$BeanPostProcessorChecker : Bean 'default.org.springframework.cloud.loadbalancer.config.LoadBalancerAutoConfiguration.LoadBalancerClientSpecification' of type [org.springframework.cloud.loadbalancer.annotation.LoadBalancerClientSpecification] is not eligible for getting processed by all BeanPostProcessors (for example: not eligible for auto-proxying). Is this bean getting eagerly injected into a currently created BeanPostProcessor [lbRestClientPostProcessor]? Check the corresponding BeanPostProcessor declaration and its dependencies.
2025-10-19T19:06:37.407+02:00  WARN 9919 --- [account-service] [main] trationDelegate$BeanPostProcessorChecker : Bean 'default.org.springframework.cloud.loadbalancer.config.BlockingLoadBalancerClientAutoConfiguration.LoadBalancerClientSpecification' of type [org.springframework.cloud.loadbalancer.annotation.LoadBalancerClientSpecification] is not eligible for getting processed by all BeanPostProcessors (for example: not eligible for auto-proxying). Is this bean getting eagerly injected into a currently created BeanPostProcessor [lbRestClientPostProcessor]? Check the corresponding BeanPostProcessor declaration and its dependencies.
2025-10-19T19:06:37.408+02:00  WARN 9919 --- [account-service] [main] trationDelegate$BeanPostProcessorChecker : Bean 'default.org.springframework.cloud.netflix.eureka.loadbalancer.LoadBalancerEurekaAutoConfiguration.LoadBalancerClientSpecification' of type [org.springframework.cloud.loadbalancer.annotation.LoadBalancerClientSpecification] is not eligible for getting processed by all BeanPostProcessors (for example: not eligible for auto-proxying). Is this bean getting eagerly injected into a currently created BeanPostProcessor [lbRestClientPostProcessor]? Check the corresponding BeanPostProcessor declaration and its dependencies.
2025-10-19T19:06:37.410+02:00  WARN 9919 --- [account-service] [main] trationDelegate$BeanPostProcessorChecker : Bean 'loadBalancerClientFactory' of type [org.springframework.cloud.loadbalancer.support.LoadBalancerClientFactory] is not eligible for getting processed by all BeanPostProcessors (for example: not eligible for auto-proxying). Is this bean getting eagerly injected into a currently created BeanPostProcessor [lbRestClientPostProcessor]? Check the corresponding BeanPostProcessor declaration and its dependencies.
2025-10-19T19:06:37.419+02:00  WARN 9919 --- [account-service] [main] trationDelegate$BeanPostProcessorChecker : Bean 'blockingLoadBalancerClient' of type [org.springframework.cloud.loadbalancer.blocking.client.BlockingLoadBalancerClient] is not eligible for getting processed by all BeanPostProcessors (for example: not eligible for auto-proxying). Is this bean getting eagerly injected into a currently created BeanPostProcessor [lbRestClientPostProcessor]? Check the corresponding BeanPostProcessor declaration and its dependencies.
2025-10-19T19:06:37.429+02:00  WARN 9919 --- [account-service] [main] trationDelegate$BeanPostProcessorChecker : Bean 'loadBalancerServiceInstanceCookieTransformer' of type [org.springframework.cloud.loadbalancer.core.LoadBalancerServiceInstanceCookieTransformer] is not eligible for getting processed by all BeanPostProcessors (for example: not eligible for auto-proxying). Is this bean getting eagerly injected into a currently created BeanPostProcessor [lbRestClientPostProcessor]? Check the corresponding BeanPostProcessor declaration and its dependencies.
2025-10-19T19:06:37.432+02:00  WARN 9919 --- [account-service] [main] trationDelegate$BeanPostProcessorChecker : Bean 'xForwarderHeadersTransformer' of type [org.springframework.cloud.loadbalancer.blocking.XForwardedHeadersTransformer] is not eligible for getting processed by all BeanPostProcessors (for example: not eligible for auto-proxying). Is this bean getting eagerly injected into a currently created BeanPostProcessor [lbRestClientPostProcessor]? Check the corresponding BeanPostProcessor declaration and its dependencies.
2025-10-19T19:06:37.434+02:00  WARN 9919 --- [account-service] [main] trationDelegate$BeanPostProcessorChecker : Bean 'org.springframework.cloud.client.loadbalancer.LoadBalancerAutoConfiguration' of type [org.springframework.cloud.client.loadbalancer.LoadBalancerAutoConfiguration] is not eligible for getting processed by all BeanPostProcessors (for example: not eligible for auto-proxying). Is this bean getting eagerly injected into a currently created BeanPostProcessor [lbRestClientPostProcessor]? Check the corresponding BeanPostProcessor declaration and its dependencies.
2025-10-19T19:06:37.437+02:00  WARN 9919 --- [account-service] [main] trationDelegate$BeanPostProcessorChecker : Bean 'loadBalancerRequestFactory' of type [org.springframework.cloud.client.loadbalancer.LoadBalancerRequestFactory] is not eligible for getting processed by all BeanPostProcessors (for example: not eligible for auto-proxying). Is this bean getting eagerly injected into a currently created BeanPostProcessor [lbRestClientPostProcessor]? Check the corresponding BeanPostProcessor declaration and its dependencies.
2025-10-19T19:06:37.438+02:00  WARN 9919 --- [account-service] [main] trationDelegate$BeanPostProcessorChecker : Bean 'loadBalancerInterceptor' of type [org.springframework.cloud.client.loadbalancer.LoadBalancerInterceptor] is not eligible for getting processed by all BeanPostProcessors (for example: not eligible for auto-proxying). Is this bean getting eagerly injected into a currently created BeanPostProcessor [lbRestClientPostProcessor]? Check the corresponding BeanPostProcessor declaration and its dependencies.
2025-10-19T19:06:37.788+02:00  INFO 9919 --- [account-service] [main] o.s.b.w.embedded.tomcat.TomcatWebServer  : Tomcat initialized with port 8087 (http)
2025-10-19T19:06:37.802+02:00  INFO 9919 --- [account-service] [main] o.apache.catalina.core.StandardService   : Starting service [Tomcat]
2025-10-19T19:06:37.803+02:00  INFO 9919 --- [account-service] [main] o.apache.catalina.core.StandardEngine    : Starting Servlet engine: [Apache Tomcat/10.1.19]
2025-10-19T19:06:37.865+02:00  INFO 9919 --- [account-service] [main] o.a.c.c.C.[Tomcat].[localhost].[/]       : Initializing Spring embedded WebApplicationContext
2025-10-19T19:06:37.866+02:00  INFO 9919 --- [account-service] [main] w.s.c.ServletWebServerApplicationContext : Root WebApplicationContext: initialization completed in 2427 ms
2025-10-19T19:06:38.276+02:00  INFO 9919 --- [account-service] [main] com.zaxxer.hikari.HikariDataSource       : HikariPool-1 - Starting...
2025-10-19T19:06:38.486+02:00  INFO 9919 --- [account-service] [main] com.zaxxer.hikari.pool.HikariPool        : HikariPool-1 - Added connection conn0: url=jdbc:h2:mem:3c375187-57e3-46b6-bb20-0d501854fad4 user=SA
2025-10-19T19:06:38.488+02:00  INFO 9919 --- [account-service] [main] com.zaxxer.hikari.HikariDataSource       : HikariPool-1 - Start completed.
2025-10-19T19:06:38.533+02:00  INFO 9919 --- [account-service] [main] o.hibernate.jpa.internal.util.LogHelper  : HHH000204: Processing PersistenceUnitInfo [name: default]
2025-10-19T19:06:38.595+02:00  INFO 9919 --- [account-service] [main] org.hibernate.Version                    : HHH000412: Hibernate ORM core version 6.4.4.Final
2025-10-19T19:06:38.637+02:00  INFO 9919 --- [account-service] [main] o.h.c.internal.RegionFactoryInitiator    : HHH000026: Second-level cache disabled
2025-10-19T19:06:38.910+02:00  INFO 9919 --- [account-service] [main] o.s.o.j.p.SpringPersistenceUnitInfo      : No LoadTimeWeaver setup: ignoring JPA class transformer
2025-10-19T19:06:39.856+02:00  INFO 9919 --- [account-service] [main] o.h.e.t.j.p.i.JtaPlatformInitiator       : HHH000489: No JTA platform available (set 'hibernate.transaction.jta.platform' to enable JTA platform integration)
2025-10-19T19:06:39.895+02:00  INFO 9919 --- [account-service] [main] j.LocalContainerEntityManagerFactoryBean : Initialized JPA EntityManagerFactory for persistence unit 'default'
2025-10-19T19:06:40.425+02:00  WARN 9919 --- [account-service] [main] JpaBaseConfiguration$JpaWebConfiguration : spring.jpa.open-in-view is enabled by default. Therefore, database queries may be performed during view rendering. Explicitly configure spring.jpa.open-in-view to disable this warning
2025-10-19T19:06:40.557+02:00  INFO 9919 --- [account-service] [main] o.s.c.openfeign.FeignClientFactoryBean   : For 'CUSTOMER-SERVICE' URL not provided. Will try picking an instance via load-balancing.
2025-10-19T19:06:42.183+02:00  INFO 9919 --- [account-service] [main] DiscoveryClientOptionalArgsConfiguration : Eureka HTTP Client uses RestTemplate.
2025-10-19T19:06:42.229+02:00  WARN 9919 --- [account-service] [main] iguration$LoadBalancerCaffeineWarnLogger : Spring Cloud LoadBalancer is currently working with the default cache. While this cache implementation is useful for development and tests, it's recommended to use Caffeine cache in production.You can switch to using Caffeine cache, by adding it and org.springframework.cache.caffeine.CaffeineCacheManager to the classpath.
2025-10-19T19:06:42.252+02:00  INFO 9919 --- [account-service] [main] o.s.b.a.e.web.EndpointLinksResolver      : Exposing 1 endpoint(s) beneath base path '/actuator'
2025-10-19T19:06:42.356+02:00  INFO 9919 --- [account-service] [main] o.s.c.n.eureka.InstanceInfoFactory       : Setting initial instance status as: STARTING
2025-10-19T19:06:42.401+02:00  INFO 9919 --- [account-service] [main] com.netflix.discovery.DiscoveryClient    : Initializing Eureka in region us-east-1
2025-10-19T19:06:42.406+02:00  INFO 9919 --- [account-service] [main] c.n.d.s.r.aws.ConfigClusterResolver      : Resolving eureka endpoints via configuration
2025-10-19T19:06:42.444+02:00  INFO 9919 --- [account-service] [main] com.netflix.discovery.DiscoveryClient    : Disable delta property : false
2025-10-19T19:06:42.444+02:00  INFO 9919 --- [account-service] [main] com.netflix.discovery.DiscoveryClient    : Single vip registry refresh property : null
2025-10-19T19:06:42.444+02:00  INFO 9919 --- [account-service] [main] com.netflix.discovery.DiscoveryClient    : Force full registry fetch : false
2025-10-19T19:06:42.444+02:00  INFO 9919 --- [account-service] [main] com.netflix.discovery.DiscoveryClient    : Application is null : false
2025-10-19T19:06:42.444+02:00  INFO 9919 --- [account-service] [main] com.netflix.discovery.DiscoveryClient    : Registered Applications size is zero : true
2025-10-19T19:06:42.444+02:00  INFO 9919 --- [account-service] [main] com.netflix.discovery.DiscoveryClient    : Application version is -1: true
2025-10-19T19:06:42.444+02:00  INFO 9919 --- [account-service] [main] com.netflix.discovery.DiscoveryClient    : Getting all instance registry info from the eureka server
2025-10-19T19:06:42.742+02:00  INFO 9919 --- [account-service] [main] com.netflix.discovery.DiscoveryClient    : The response status is 200
2025-10-19T19:06:42.744+02:00  INFO 9919 --- [account-service] [main] com.netflix.discovery.DiscoveryClient    : Starting heartbeat executor: renew interval is: 30
2025-10-19T19:06:42.747+02:00  INFO 9919 --- [account-service] [main] c.n.discovery.InstanceInfoReplicator     : InstanceInfoReplicator onDemand update allowed rate per min is 4
2025-10-19T19:06:42.750+02:00  INFO 9919 --- [account-service] [main] com.netflix.discovery.DiscoveryClient    : Discovery Client initialized at timestamp 1760893602750 with initial instances count: 3
2025-10-19T19:06:42.767+02:00  INFO 9919 --- [account-service] [main] o.s.c.n.e.s.EurekaServiceRegistry        : Registering application ACCOUNT-SERVICE with eureka with status UP
2025-10-19T19:06:42.768+02:00  INFO 9919 --- [account-service] [main] com.netflix.discovery.DiscoveryClient    : Saw local status change event StatusChangeEvent [timestamp=1760893602768, current=UP, previous=STARTING]
2025-10-19T19:06:42.769+02:00  INFO 9919 --- [account-service] [DiscoveryClient-InstanceInfoReplicator-0] com.netflix.discovery.DiscoveryClient    : DiscoveryClient_ACCOUNT-SERVICE/mbp-de-macbook:account-service:8087: registering service...
2025-10-19T19:06:42.785+02:00  INFO 9919 --- [account-service] [main] o.s.b.w.embedded.tomcat.TomcatWebServer  : Tomcat started on port 8087 (http) with context path ''
2025-10-19T19:06:42.786+02:00  INFO 9919 --- [account-service] [main] .s.c.n.e.s.EurekaAutoServiceRegistration : Updating port to 8087
2025-10-19T19:06:42.808+02:00  INFO 9919 --- [account-service] [DiscoveryClient-InstanceInfoReplicator-0] com.netflix.discovery.DiscoveryClient    : DiscoveryClient_ACCOUNT-SERVICE/mbp-de-macbook:account-service:8087 - registration status: 204
2025-10-19T19:06:42.815+02:00  INFO 9919 --- [account-service] [main] t.a.a.AccountServiceApplication          : Started AccountServiceApplication in 8.308 seconds (process running for 8.928)
2025-10-19T19:06:42.914+02:00  WARN 9919 --- [account-service] [main] o.s.c.l.core.RoundRobinLoadBalancer      : No servers available for service: CUSTOMER-SERVICE
2025-10-19T19:06:42.919+02:00  WARN 9919 --- [account-service] [main] .s.c.o.l.FeignBlockingLoadBalancerClient : Load balancer does not contain an instance for the service CUSTOMER-SERVICE
2025-10-19T19:06:43.388+02:00  INFO 9919 --- [account-service] [RMI TCP Connection(2)-192.168.0.144] o.a.c.c.C.[Tomcat].[localhost].[/]       : Initializing Spring DispatcherServlet 'dispatcherServlet'
2025-10-19T19:06:43.389+02:00  INFO 9919 --- [account-service] [RMI TCP Connection(2)-192.168.0.144] o.s.web.servlet.DispatcherServlet        : Initializing Servlet 'dispatcherServlet'
2025-10-19T19:06:43.392+02:00  INFO 9919 --- [account-service] [RMI TCP Connection(2)-192.168.0.144] o.s.web.servlet.DispatcherServlet        : Completed initialization in 2 ms
2025-10-19T19:07:24.571+02:00  INFO 9467 --- [account-service] [SpringApplicationShutdownHook] o.s.c.n.e.s.EurekaServiceRegistry        : Unregistering application ACCOUNT-SERVICE with eureka with status DOWN
2025-10-19T19:07:24.573+02:00  INFO 9467 --- [account-service] [SpringApplicationShutdownHook] com.netflix.discovery.DiscoveryClient    : Saw local status change event StatusChangeEvent [timestamp=1760893644573, current=DOWN, previous=UP]
2025-10-19T19:07:24.573+02:00  INFO 9467 --- [account-service] [DiscoveryClient-InstanceInfoReplicator-0] com.netflix.discovery.DiscoveryClient    : DiscoveryClient_ACCOUNT-SERVICE/mbp-de-macbook:account-service:8082: registering service...
2025-10-19T19:07:24.581+02:00  INFO 9467 --- [account-service] [DiscoveryClient-InstanceInfoReplicator-0] com.netflix.discovery.DiscoveryClient    : DiscoveryClient_ACCOUNT-SERVICE/mbp-de-macbook:account-service:8082 - registration status: 204
2025-10-19T19:07:24.618+02:00  INFO 9467 --- [account-service] [SpringApplicationShutdownHook] j.LocalContainerEntityManagerFactoryBean : Closing JPA EntityManagerFactory for persistence unit 'default'
2025-10-19T19:07:24.635+02:00  INFO 9467 --- [account-service] [SpringApplicationShutdownHook] com.zaxxer.hikari.HikariDataSource       : HikariPool-1 - Shutdown initiated...
2025-10-19T19:07:24.639+02:00  INFO 9467 --- [account-service] [SpringApplicationShutdownHook] com.zaxxer.hikari.HikariDataSource       : HikariPool-1 - Shutdown completed.
2025-10-19T19:07:24.642+02:00  INFO 9467 --- [account-service] [SpringApplicationShutdownHook] com.netflix.discovery.DiscoveryClient    : Shutting down DiscoveryClient ...
2025-10-19T19:07:27.651+02:00  INFO 9467 --- [account-service] [SpringApplicationShutdownHook] com.netflix.discovery.DiscoveryClient    : Unregistering ...
2025-10-19T19:07:27.658+02:00  INFO 9467 --- [account-service] [SpringApplicationShutdownHook] com.netflix.discovery.DiscoveryClient    : DiscoveryClient_ACCOUNT-SERVICE/mbp-de-macbook:account-service:8082 - deregister  status: 200
2025-10-19T19:07:27.666+02:00  INFO 9467 --- [account-service] [SpringApplicationShutdownHook] com.netflix.discovery.DiscoveryClient    : Completed shut down of DiscoveryClient
2025-10-19T19:07:30.888+02:00  INFO 9967 --- [account-service] [main] t.a.a.AccountServiceApplication          : Starting AccountServiceApplication using Java 17.0.8 with PID 9967 (/Users/macbook/Desktop/MED-YOUSSFI/bank-account-app-microservice/account-service/target/classes started by macbook in /Users/macbook/Desktop/MED-YOUSSFI/bank-account-app-microservice)
2025-10-19T19:07:30.890+02:00  INFO 9967 --- [account-service] [main] t.a.a.AccountServiceApplication          : No active profile set, falling back to 1 default profile: "default"
2025-10-19T19:07:30.944+02:00  INFO 9967 --- [account-service] [main] o.s.c.c.c.ConfigServerConfigDataLoader   : Fetching config from server at : http://localhost:9999
2025-10-19T19:07:30.945+02:00  WARN 9967 --- [account-service] [main] o.s.c.c.c.ConfigServerConfigDataLoader   : Could not locate PropertySource ([ConfigServerConfigDataResource@650eab8 uris = array<String>['http://localhost:9999'], optional = true, profiles = 'default']): None of labels [] found
2025-10-19T19:07:30.945+02:00  INFO 9967 --- [account-service] [main] o.s.c.c.c.ConfigServerConfigDataLoader   : Fetching config from server at : http://localhost:9999
2025-10-19T19:07:30.945+02:00  WARN 9967 --- [account-service] [main] o.s.c.c.c.ConfigServerConfigDataLoader   : Could not locate PropertySource ([ConfigServerConfigDataResource@546ccad7 uris = array<String>['http://localhost:9999'], optional = true, profiles = 'default']): None of labels [] found
2025-10-19T19:07:30.945+02:00  INFO 9967 --- [account-service] [main] o.s.c.c.c.ConfigServerConfigDataLoader   : Fetching config from server at : http://localhost:9999
2025-10-19T19:07:30.946+02:00  WARN 9967 --- [account-service] [main] o.s.c.c.c.ConfigServerConfigDataLoader   : Could not locate PropertySource ([ConfigServerConfigDataResource@7a527389 uris = array<String>['http://localhost:9999'], optional = true, profiles = 'default']): None of labels [] found
2025-10-19T19:07:32.094+02:00  INFO 9967 --- [account-service] [main] .s.d.r.c.RepositoryConfigurationDelegate : Bootstrapping Spring Data JPA repositories in DEFAULT mode.
2025-10-19T19:07:32.244+02:00  INFO 9967 --- [account-service] [main] .s.d.r.c.RepositoryConfigurationDelegate : Finished Spring Data repository scanning in 142 ms. Found 1 JPA repository interface.
2025-10-19T19:07:32.626+02:00  INFO 9967 --- [account-service] [main] o.s.cloud.context.scope.GenericScope     : BeanFactory id=d2dac01d-b6b2-3ed8-974b-09ffff5a8fc3
2025-10-19T19:07:33.018+02:00  WARN 9967 --- [account-service] [main] trationDelegate$BeanPostProcessorChecker : Bean 'org.springframework.cloud.client.loadbalancer.LoadBalancerAutoConfiguration$LoadBalancerInterceptorConfig' of type [org.springframework.cloud.client.loadbalancer.LoadBalancerAutoConfiguration$LoadBalancerInterceptorConfig] is not eligible for getting processed by all BeanPostProcessors (for example: not eligible for auto-proxying). The currently created BeanPostProcessor [lbRestClientPostProcessor] is declared through a non-static factory method on that class; consider declaring it as static instead.
2025-10-19T19:07:33.029+02:00  WARN 9967 --- [account-service] [main] trationDelegate$BeanPostProcessorChecker : Bean 'org.springframework.cloud.loadbalancer.config.BlockingLoadBalancerClientAutoConfiguration' of type [org.springframework.cloud.loadbalancer.config.BlockingLoadBalancerClientAutoConfiguration] is not eligible for getting processed by all BeanPostProcessors (for example: not eligible for auto-proxying). Is this bean getting eagerly injected into a currently created BeanPostProcessor [lbRestClientPostProcessor]? Check the corresponding BeanPostProcessor declaration and its dependencies.
2025-10-19T19:07:33.034+02:00  WARN 9967 --- [account-service] [main] trationDelegate$BeanPostProcessorChecker : Bean 'org.springframework.cloud.loadbalancer.config.LoadBalancerAutoConfiguration' of type [org.springframework.cloud.loadbalancer.config.LoadBalancerAutoConfiguration] is not eligible for getting processed by all BeanPostProcessors (for example: not eligible for auto-proxying). Is this bean getting eagerly injected into a currently created BeanPostProcessor [lbRestClientPostProcessor]? Check the corresponding BeanPostProcessor declaration and its dependencies.
2025-10-19T19:07:33.052+02:00  WARN 9967 --- [account-service] [main] trationDelegate$BeanPostProcessorChecker : Bean 'org.springframework.cloud.commons.config.CommonsConfigAutoConfiguration' of type [org.springframework.cloud.commons.config.CommonsConfigAutoConfiguration] is not eligible for getting processed by all BeanPostProcessors (for example: not eligible for auto-proxying). Is this bean getting eagerly injected into a currently created BeanPostProcessor [lbRestClientPostProcessor]? Check the corresponding BeanPostProcessor declaration and its dependencies.
2025-10-19T19:07:33.058+02:00  WARN 9967 --- [account-service] [main] trationDelegate$BeanPostProcessorChecker : Bean 'org.springframework.cloud.client.loadbalancer.LoadBalancerDefaultMappingsProviderAutoConfiguration' of type [org.springframework.cloud.client.loadbalancer.LoadBalancerDefaultMappingsProviderAutoConfiguration] is not eligible for getting processed by all BeanPostProcessors (for example: not eligible for auto-proxying). Is this bean getting eagerly injected into a currently created BeanPostProcessor [lbRestClientPostProcessor]? Check the corresponding BeanPostProcessor declaration and its dependencies.
2025-10-19T19:07:33.062+02:00  WARN 9967 --- [account-service] [main] trationDelegate$BeanPostProcessorChecker : Bean 'loadBalancerClientsDefaultsMappingsProvider' of type [org.springframework.cloud.client.loadbalancer.LoadBalancerDefaultMappingsProviderAutoConfiguration$$Lambda$714/0x00000001264e5a08] is not eligible for getting processed by all BeanPostProcessors (for example: not eligible for auto-proxying). Is this bean getting eagerly injected into a currently created BeanPostProcessor [lbRestClientPostProcessor]? Check the corresponding BeanPostProcessor declaration and its dependencies.
2025-10-19T19:07:33.066+02:00  WARN 9967 --- [account-service] [main] trationDelegate$BeanPostProcessorChecker : Bean 'defaultsBindHandlerAdvisor' of type [org.springframework.cloud.commons.config.DefaultsBindHandlerAdvisor] is not eligible for getting processed by all BeanPostProcessors (for example: not eligible for auto-proxying). Is this bean getting eagerly injected into a currently created BeanPostProcessor [lbRestClientPostProcessor]? Check the corresponding BeanPostProcessor declaration and its dependencies.
2025-10-19T19:07:33.077+02:00  WARN 9967 --- [account-service] [main] trationDelegate$BeanPostProcessorChecker : Bean 'spring.cloud.loadbalancer-org.springframework.cloud.client.loadbalancer.LoadBalancerClientsProperties' of type [org.springframework.cloud.client.loadbalancer.LoadBalancerClientsProperties] is not eligible for getting processed by all BeanPostProcessors (for example: not eligible for auto-proxying). Is this bean getting eagerly injected into a currently created BeanPostProcessor [lbRestClientPostProcessor]? Check the corresponding BeanPostProcessor declaration and its dependencies.
2025-10-19T19:07:33.089+02:00  WARN 9967 --- [account-service] [main] trationDelegate$BeanPostProcessorChecker : Bean 'default.org.springframework.cloud.loadbalancer.config.LoadBalancerAutoConfiguration.LoadBalancerClientSpecification' of type [org.springframework.cloud.loadbalancer.annotation.LoadBalancerClientSpecification] is not eligible for getting processed by all BeanPostProcessors (for example: not eligible for auto-proxying). Is this bean getting eagerly injected into a currently created BeanPostProcessor [lbRestClientPostProcessor]? Check the corresponding BeanPostProcessor declaration and its dependencies.
2025-10-19T19:07:33.094+02:00  WARN 9967 --- [account-service] [main] trationDelegate$BeanPostProcessorChecker : Bean 'default.org.springframework.cloud.loadbalancer.config.BlockingLoadBalancerClientAutoConfiguration.LoadBalancerClientSpecification' of type [org.springframework.cloud.loadbalancer.annotation.LoadBalancerClientSpecification] is not eligible for getting processed by all BeanPostProcessors (for example: not eligible for auto-proxying). Is this bean getting eagerly injected into a currently created BeanPostProcessor [lbRestClientPostProcessor]? Check the corresponding BeanPostProcessor declaration and its dependencies.
2025-10-19T19:07:33.096+02:00  WARN 9967 --- [account-service] [main] trationDelegate$BeanPostProcessorChecker : Bean 'default.org.springframework.cloud.netflix.eureka.loadbalancer.LoadBalancerEurekaAutoConfiguration.LoadBalancerClientSpecification' of type [org.springframework.cloud.loadbalancer.annotation.LoadBalancerClientSpecification] is not eligible for getting processed by all BeanPostProcessors (for example: not eligible for auto-proxying). Is this bean getting eagerly injected into a currently created BeanPostProcessor [lbRestClientPostProcessor]? Check the corresponding BeanPostProcessor declaration and its dependencies.
2025-10-19T19:07:33.098+02:00  WARN 9967 --- [account-service] [main] trationDelegate$BeanPostProcessorChecker : Bean 'loadBalancerClientFactory' of type [org.springframework.cloud.loadbalancer.support.LoadBalancerClientFactory] is not eligible for getting processed by all BeanPostProcessors (for example: not eligible for auto-proxying). Is this bean getting eagerly injected into a currently created BeanPostProcessor [lbRestClientPostProcessor]? Check the corresponding BeanPostProcessor declaration and its dependencies.
2025-10-19T19:07:33.112+02:00  WARN 9967 --- [account-service] [main] trationDelegate$BeanPostProcessorChecker : Bean 'blockingLoadBalancerClient' of type [org.springframework.cloud.loadbalancer.blocking.client.BlockingLoadBalancerClient] is not eligible for getting processed by all BeanPostProcessors (for example: not eligible for auto-proxying). Is this bean getting eagerly injected into a currently created BeanPostProcessor [lbRestClientPostProcessor]? Check the corresponding BeanPostProcessor declaration and its dependencies.
2025-10-19T19:07:33.128+02:00  WARN 9967 --- [account-service] [main] trationDelegate$BeanPostProcessorChecker : Bean 'loadBalancerServiceInstanceCookieTransformer' of type [org.springframework.cloud.loadbalancer.core.LoadBalancerServiceInstanceCookieTransformer] is not eligible for getting processed by all BeanPostProcessors (for example: not eligible for auto-proxying). Is this bean getting eagerly injected into a currently created BeanPostProcessor [lbRestClientPostProcessor]? Check the corresponding BeanPostProcessor declaration and its dependencies.
2025-10-19T19:07:33.131+02:00  WARN 9967 --- [account-service] [main] trationDelegate$BeanPostProcessorChecker : Bean 'xForwarderHeadersTransformer' of type [org.springframework.cloud.loadbalancer.blocking.XForwardedHeadersTransformer] is not eligible for getting processed by all BeanPostProcessors (for example: not eligible for auto-proxying). Is this bean getting eagerly injected into a currently created BeanPostProcessor [lbRestClientPostProcessor]? Check the corresponding BeanPostProcessor declaration and its dependencies.
2025-10-19T19:07:33.133+02:00  WARN 9967 --- [account-service] [main] trationDelegate$BeanPostProcessorChecker : Bean 'org.springframework.cloud.client.loadbalancer.LoadBalancerAutoConfiguration' of type [org.springframework.cloud.client.loadbalancer.LoadBalancerAutoConfiguration] is not eligible for getting processed by all BeanPostProcessors (for example: not eligible for auto-proxying). Is this bean getting eagerly injected into a currently created BeanPostProcessor [lbRestClientPostProcessor]? Check the corresponding BeanPostProcessor declaration and its dependencies.
2025-10-19T19:07:33.137+02:00  WARN 9967 --- [account-service] [main] trationDelegate$BeanPostProcessorChecker : Bean 'loadBalancerRequestFactory' of type [org.springframework.cloud.client.loadbalancer.LoadBalancerRequestFactory] is not eligible for getting processed by all BeanPostProcessors (for example: not eligible for auto-proxying). Is this bean getting eagerly injected into a currently created BeanPostProcessor [lbRestClientPostProcessor]? Check the corresponding BeanPostProcessor declaration and its dependencies.
2025-10-19T19:07:33.139+02:00  WARN 9967 --- [account-service] [main] trationDelegate$BeanPostProcessorChecker : Bean 'loadBalancerInterceptor' of type [org.springframework.cloud.client.loadbalancer.LoadBalancerInterceptor] is not eligible for getting processed by all BeanPostProcessors (for example: not eligible for auto-proxying). Is this bean getting eagerly injected into a currently created BeanPostProcessor [lbRestClientPostProcessor]? Check the corresponding BeanPostProcessor declaration and its dependencies.
2025-10-19T19:07:33.521+02:00  INFO 9967 --- [account-service] [main] o.s.b.w.embedded.tomcat.TomcatWebServer  : Tomcat initialized with port 8082 (http)
2025-10-19T19:07:33.533+02:00  INFO 9967 --- [account-service] [main] o.apache.catalina.core.StandardService   : Starting service [Tomcat]
2025-10-19T19:07:33.533+02:00  INFO 9967 --- [account-service] [main] o.apache.catalina.core.StandardEngine    : Starting Servlet engine: [Apache Tomcat/10.1.19]
2025-10-19T19:07:33.599+02:00  INFO 9967 --- [account-service] [main] o.a.c.c.C.[Tomcat].[localhost].[/]       : Initializing Spring embedded WebApplicationContext
2025-10-19T19:07:33.599+02:00  INFO 9967 --- [account-service] [main] w.s.c.ServletWebServerApplicationContext : Root WebApplicationContext: initialization completed in 2651 ms
2025-10-19T19:07:34.095+02:00  INFO 9967 --- [account-service] [main] com.zaxxer.hikari.HikariDataSource       : HikariPool-1 - Starting...
2025-10-19T19:07:34.367+02:00  INFO 9967 --- [account-service] [main] com.zaxxer.hikari.pool.HikariPool        : HikariPool-1 - Added connection conn0: url=jdbc:h2:mem:f23c9605-ab91-46f3-b23d-442bb6de65a6 user=SA
2025-10-19T19:07:34.369+02:00  INFO 9967 --- [account-service] [main] com.zaxxer.hikari.HikariDataSource       : HikariPool-1 - Start completed.
2025-10-19T19:07:34.429+02:00  INFO 9967 --- [account-service] [main] o.hibernate.jpa.internal.util.LogHelper  : HHH000204: Processing PersistenceUnitInfo [name: default]
2025-10-19T19:07:34.507+02:00  INFO 9967 --- [account-service] [main] org.hibernate.Version                    : HHH000412: Hibernate ORM core version 6.4.4.Final
2025-10-19T19:07:34.588+02:00  INFO 9967 --- [account-service] [main] o.h.c.internal.RegionFactoryInitiator    : HHH000026: Second-level cache disabled
2025-10-19T19:07:34.887+02:00  INFO 9967 --- [account-service] [main] o.s.o.j.p.SpringPersistenceUnitInfo      : No LoadTimeWeaver setup: ignoring JPA class transformer
2025-10-19T19:07:35.839+02:00  INFO 9967 --- [account-service] [main] o.h.e.t.j.p.i.JtaPlatformInitiator       : HHH000489: No JTA platform available (set 'hibernate.transaction.jta.platform' to enable JTA platform integration)
2025-10-19T19:07:35.874+02:00  INFO 9967 --- [account-service] [main] j.LocalContainerEntityManagerFactoryBean : Initialized JPA EntityManagerFactory for persistence unit 'default'
2025-10-19T19:07:36.484+02:00  WARN 9967 --- [account-service] [main] JpaBaseConfiguration$JpaWebConfiguration : spring.jpa.open-in-view is enabled by default. Therefore, database queries may be performed during view rendering. Explicitly configure spring.jpa.open-in-view to disable this warning
2025-10-19T19:07:36.578+02:00  INFO 9967 --- [account-service] [main] o.s.c.openfeign.FeignClientFactoryBean   : For 'CUSTOMER-SERVICE' URL not provided. Will try picking an instance via load-balancing.
2025-10-19T19:07:38.413+02:00  INFO 9967 --- [account-service] [main] DiscoveryClientOptionalArgsConfiguration : Eureka HTTP Client uses RestTemplate.
2025-10-19T19:07:38.471+02:00  WARN 9967 --- [account-service] [main] iguration$LoadBalancerCaffeineWarnLogger : Spring Cloud LoadBalancer is currently working with the default cache. While this cache implementation is useful for development and tests, it's recommended to use Caffeine cache in production.You can switch to using Caffeine cache, by adding it and org.springframework.cache.caffeine.CaffeineCacheManager to the classpath.
2025-10-19T19:07:38.502+02:00  INFO 9967 --- [account-service] [main] o.s.b.a.e.web.EndpointLinksResolver      : Exposing 1 endpoint(s) beneath base path '/actuator'
2025-10-19T19:07:38.596+02:00  INFO 9967 --- [account-service] [main] o.s.c.n.eureka.InstanceInfoFactory       : Setting initial instance status as: STARTING
2025-10-19T19:07:38.639+02:00  INFO 9967 --- [account-service] [main] com.netflix.discovery.DiscoveryClient    : Initializing Eureka in region us-east-1
2025-10-19T19:07:38.644+02:00  INFO 9967 --- [account-service] [main] c.n.d.s.r.aws.ConfigClusterResolver      : Resolving eureka endpoints via configuration
2025-10-19T19:07:38.673+02:00  INFO 9967 --- [account-service] [main] com.netflix.discovery.DiscoveryClient    : Disable delta property : false
2025-10-19T19:07:38.674+02:00  INFO 9967 --- [account-service] [main] com.netflix.discovery.DiscoveryClient    : Single vip registry refresh property : null
2025-10-19T19:07:38.675+02:00  INFO 9967 --- [account-service] [main] com.netflix.discovery.DiscoveryClient    : Force full registry fetch : false
2025-10-19T19:07:38.675+02:00  INFO 9967 --- [account-service] [main] com.netflix.discovery.DiscoveryClient    : Application is null : false
2025-10-19T19:07:38.675+02:00  INFO 9967 --- [account-service] [main] com.netflix.discovery.DiscoveryClient    : Registered Applications size is zero : true
2025-10-19T19:07:38.675+02:00  INFO 9967 --- [account-service] [main] com.netflix.discovery.DiscoveryClient    : Application version is -1: true
2025-10-19T19:07:38.675+02:00  INFO 9967 --- [account-service] [main] com.netflix.discovery.DiscoveryClient    : Getting all instance registry info from the eureka server
2025-10-19T19:07:39.040+02:00  INFO 9967 --- [account-service] [main] com.netflix.discovery.DiscoveryClient    : The response status is 200
2025-10-19T19:07:39.043+02:00  INFO 9967 --- [account-service] [main] com.netflix.discovery.DiscoveryClient    : Starting heartbeat executor: renew interval is: 30
2025-10-19T19:07:39.046+02:00  INFO 9967 --- [account-service] [main] c.n.discovery.InstanceInfoReplicator     : InstanceInfoReplicator onDemand update allowed rate per min is 4
2025-10-19T19:07:39.051+02:00  INFO 9967 --- [account-service] [main] com.netflix.discovery.DiscoveryClient    : Discovery Client initialized at timestamp 1760893659051 with initial instances count: 3
2025-10-19T19:07:39.068+02:00  INFO 9967 --- [account-service] [main] o.s.c.n.e.s.EurekaServiceRegistry        : Registering application ACCOUNT-SERVICE with eureka with status UP
2025-10-19T19:07:39.069+02:00  INFO 9967 --- [account-service] [main] com.netflix.discovery.DiscoveryClient    : Saw local status change event StatusChangeEvent [timestamp=1760893659069, current=UP, previous=STARTING]
2025-10-19T19:07:39.071+02:00  INFO 9967 --- [account-service] [DiscoveryClient-InstanceInfoReplicator-0] com.netflix.discovery.DiscoveryClient    : DiscoveryClient_ACCOUNT-SERVICE/mbp-de-macbook:account-service:8082: registering service...
2025-10-19T19:07:39.090+02:00  INFO 9967 --- [account-service] [main] o.s.b.w.embedded.tomcat.TomcatWebServer  : Tomcat started on port 8082 (http) with context path ''
2025-10-19T19:07:39.091+02:00  INFO 9967 --- [account-service] [main] .s.c.n.e.s.EurekaAutoServiceRegistration : Updating port to 8082
2025-10-19T19:07:39.113+02:00  INFO 9967 --- [account-service] [DiscoveryClient-InstanceInfoReplicator-0] com.netflix.discovery.DiscoveryClient    : DiscoveryClient_ACCOUNT-SERVICE/mbp-de-macbook:account-service:8082 - registration status: 204
2025-10-19T19:07:39.141+02:00  INFO 9967 --- [account-service] [main] t.a.a.AccountServiceApplication          : Started AccountServiceApplication in 9.525 seconds (process running for 10.184)
2025-10-19T19:07:39.256+02:00  WARN 9967 --- [account-service] [main] o.s.c.l.core.RoundRobinLoadBalancer      : No servers available for service: CUSTOMER-SERVICE
2025-10-19T19:07:39.263+02:00  WARN 9967 --- [account-service] [main] .s.c.o.l.FeignBlockingLoadBalancerClient : Load balancer does not contain an instance for the service CUSTOMER-SERVICE
2025-10-19T19:07:59.271+02:00  INFO 9919 --- [account-service] [SpringApplicationShutdownHook] o.s.c.n.e.s.EurekaServiceRegistry        : Unregistering application ACCOUNT-SERVICE with eureka with status DOWN
2025-10-19T19:07:59.272+02:00  INFO 9919 --- [account-service] [SpringApplicationShutdownHook] com.netflix.discovery.DiscoveryClient    : Saw local status change event StatusChangeEvent [timestamp=1760893679272, current=DOWN, previous=UP]
2025-10-19T19:07:59.272+02:00  INFO 9919 --- [account-service] [DiscoveryClient-InstanceInfoReplicator-0] com.netflix.discovery.DiscoveryClient    : DiscoveryClient_ACCOUNT-SERVICE/mbp-de-macbook:account-service:8087: registering service...
2025-10-19T19:07:59.279+02:00  INFO 9919 --- [account-service] [DiscoveryClient-InstanceInfoReplicator-0] com.netflix.discovery.DiscoveryClient    : DiscoveryClient_ACCOUNT-SERVICE/mbp-de-macbook:account-service:8087 - registration status: 204
2025-10-19T19:07:59.285+02:00  INFO 9919 --- [account-service] [SpringApplicationShutdownHook] j.LocalContainerEntityManagerFactoryBean : Closing JPA EntityManagerFactory for persistence unit 'default'
2025-10-19T19:07:59.289+02:00  INFO 9919 --- [account-service] [SpringApplicationShutdownHook] com.zaxxer.hikari.HikariDataSource       : HikariPool-1 - Shutdown initiated...
2025-10-19T19:07:59.291+02:00  INFO 9919 --- [account-service] [SpringApplicationShutdownHook] com.zaxxer.hikari.HikariDataSource       : HikariPool-1 - Shutdown completed.
2025-10-19T19:07:59.293+02:00  INFO 9919 --- [account-service] [SpringApplicationShutdownHook] com.netflix.discovery.DiscoveryClient    : Shutting down DiscoveryClient ...
2025-10-19T19:08:02.298+02:00  INFO 9919 --- [account-service] [SpringApplicationShutdownHook] com.netflix.discovery.DiscoveryClient    : Unregistering ...
2025-10-19T19:08:02.306+02:00  INFO 9919 --- [account-service] [SpringApplicationShutdownHook] com.netflix.discovery.DiscoveryClient    : DiscoveryClient_ACCOUNT-SERVICE/mbp-de-macbook:account-service:8087 - deregister  status: 200
2025-10-19T19:08:02.311+02:00  INFO 9919 --- [account-service] [SpringApplicationShutdownHook] com.netflix.discovery.DiscoveryClient    : Completed shut down of DiscoveryClient
2025-10-19T19:12:38.660+02:00  INFO 9967 --- [account-service] [AsyncResolver-bootstrap-executor-0] c.n.d.s.r.aws.ConfigClusterResolver      : Resolving eureka endpoints via configuration
2025-10-19T19:17:38.649+02:00  INFO 9967 --- [account-service] [AsyncResolver-bootstrap-executor-0] c.n.d.s.r.aws.ConfigClusterResolver      : Resolving eureka endpoints via configuration
2025-10-19T19:22:38.637+02:00  INFO 9967 --- [account-service] [AsyncResolver-bootstrap-executor-0] c.n.d.s.r.aws.ConfigClusterResolver      : Resolving eureka endpoints via configuration
2025-10-19T19:27:38.624+02:00  INFO 9967 --- [account-service] [AsyncResolver-bootstrap-executor-0] c.n.d.s.r.aws.ConfigClusterResolver      : Resolving eureka endpoints via configuration
2025-10-19T19:38:14.384+02:00  WARN 9967 --- [account-service] [HikariPool-1 housekeeper] com.zaxxer.hikari.pool.HikariPool        : HikariPool-1 - Thread starvation or clock leap detected (housekeeper delta=7m39s847ms).
2025-10-19T19:39:48.909+02:00  INFO 9967 --- [account-service] [AsyncResolver-bootstrap-executor-0] c.n.d.s.r.aws.ConfigClusterResolver      : Resolving eureka endpoints via configuration
2025-10-19T19:45:44.170+02:00  WARN 9967 --- [account-service] [HikariPool-1 housekeeper] com.zaxxer.hikari.pool.HikariPool        : HikariPool-1 - Thread starvation or clock leap detected (housekeeper delta=5m59s326ms).
2025-10-19T19:56:51.498+02:00  WARN 9967 --- [account-service] [HikariPool-1 housekeeper] com.zaxxer.hikari.pool.HikariPool        : HikariPool-1 - Thread starvation or clock leap detected (housekeeper delta=7m37s307ms).
2025-10-19T19:57:25.542+02:00  INFO 9967 --- [account-service] [AsyncResolver-bootstrap-executor-0] c.n.d.s.r.aws.ConfigClusterResolver      : Resolving eureka endpoints via configuration
2025-10-19T20:02:25.532+02:00  INFO 9967 --- [account-service] [AsyncResolver-bootstrap-executor-0] c.n.d.s.r.aws.ConfigClusterResolver      : Resolving eureka endpoints via configuration
2025-10-19T20:07:25.431+02:00  INFO 9967 --- [account-service] [AsyncResolver-bootstrap-executor-0] c.n.d.s.r.aws.ConfigClusterResolver      : Resolving eureka endpoints via configuration
2025-10-19T20:12:25.415+02:00  INFO 9967 --- [account-service] [AsyncResolver-bootstrap-executor-0] c.n.d.s.r.aws.ConfigClusterResolver      : Resolving eureka endpoints via configuration
2025-10-19T20:17:25.407+02:00  INFO 9967 --- [account-service] [AsyncResolver-bootstrap-executor-0] c.n.d.s.r.aws.ConfigClusterResolver      : Resolving eureka endpoints via configuration
2025-10-19T20:22:25.550+02:00  INFO 9967 --- [account-service] [AsyncResolver-bootstrap-executor-0] c.n.d.s.r.aws.ConfigClusterResolver      : Resolving eureka endpoints via configuration
2025-10-19T20:27:25.569+02:00  INFO 9967 --- [account-service] [AsyncResolver-bootstrap-executor-0] c.n.d.s.r.aws.ConfigClusterResolver      : Resolving eureka endpoints via configuration
2025-10-19T20:32:25.587+02:00  INFO 9967 --- [account-service] [AsyncResolver-bootstrap-executor-0] c.n.d.s.r.aws.ConfigClusterResolver      : Resolving eureka endpoints via configuration
2025-10-19T20:37:25.472+02:00  INFO 9967 --- [account-service] [AsyncResolver-bootstrap-executor-0] c.n.d.s.r.aws.ConfigClusterResolver      : Resolving eureka endpoints via configuration
2025-10-19T20:42:25.481+02:00  INFO 9967 --- [account-service] [AsyncResolver-bootstrap-executor-0] c.n.d.s.r.aws.ConfigClusterResolver      : Resolving eureka endpoints via configuration
2025-10-19T20:45:15.002+02:00  WARN 9967 --- [account-service] [HikariPool-1 housekeeper] com.zaxxer.hikari.pool.HikariPool        : HikariPool-1 - Thread starvation or clock leap detected (housekeeper delta=53s250ms).
2025-10-19T21:06:17.269+02:00  WARN 9967 --- [account-service] [HikariPool-1 housekeeper] com.zaxxer.hikari.pool.HikariPool        : HikariPool-1 - Thread starvation or clock leap detected (housekeeper delta=20m29s822ms).
2025-10-19T21:22:52.243+02:00  WARN 9967 --- [account-service] [HikariPool-1 housekeeper] com.zaxxer.hikari.pool.HikariPool        : HikariPool-1 - Thread starvation or clock leap detected (housekeeper delta=15m34s965ms).
2025-10-19T21:22:54.294+02:00  INFO 9967 --- [account-service] [AsyncResolver-bootstrap-executor-0] c.n.d.s.r.aws.ConfigClusterResolver      : Resolving eureka endpoints via configuration
2025-10-19T21:30:38.865+02:00  WARN 9967 --- [account-service] [HikariPool-1 housekeeper] com.zaxxer.hikari.pool.HikariPool        : HikariPool-1 - Thread starvation or clock leap detected (housekeeper delta=6m46s613ms).
2025-10-19T21:42:10.854+02:00  WARN 9967 --- [account-service] [HikariPool-1 housekeeper] com.zaxxer.hikari.pool.HikariPool        : HikariPool-1 - Thread starvation or clock leap detected (housekeeper delta=9m31s979ms).
2025-10-19T21:42:15.635+02:00  INFO 9967 --- [account-service] [DiscoveryClient-HeartbeatExecutor-0] com.netflix.discovery.DiscoveryClient    : DiscoveryClient_ACCOUNT-SERVICE/mbp-de-macbook:account-service:8082 - Re-registering apps/ACCOUNT-SERVICE
2025-10-19T21:42:15.635+02:00  INFO 9967 --- [account-service] [DiscoveryClient-HeartbeatExecutor-0] com.netflix.discovery.DiscoveryClient    : DiscoveryClient_ACCOUNT-SERVICE/mbp-de-macbook:account-service:8082: registering service...
2025-10-19T21:42:15.645+02:00  INFO 9967 --- [account-service] [DiscoveryClient-HeartbeatExecutor-0] com.netflix.discovery.DiscoveryClient    : DiscoveryClient_ACCOUNT-SERVICE/mbp-de-macbook:account-service:8082 - registration status: 204
2025-10-19T21:43:12.871+02:00  INFO 9967 --- [account-service] [AsyncResolver-bootstrap-executor-0] c.n.d.s.r.aws.ConfigClusterResolver      : Resolving eureka endpoints via configuration
2025-10-19T21:45:22.390+02:00  INFO 9967 --- [account-service] [http-nio-8082-exec-1] o.a.c.c.C.[Tomcat].[localhost].[/]       : Initializing Spring DispatcherServlet 'dispatcherServlet'
2025-10-19T21:45:22.391+02:00  INFO 9967 --- [account-service] [http-nio-8082-exec-1] o.s.web.servlet.DispatcherServlet        : Initializing Servlet 'dispatcherServlet'
2025-10-19T21:45:22.406+02:00  INFO 9967 --- [account-service] [http-nio-8082-exec-1] o.s.web.servlet.DispatcherServlet        : Completed initialization in 14 ms
2025-10-19T21:48:12.868+02:00  INFO 9967 --- [account-service] [AsyncResolver-bootstrap-executor-0] c.n.d.s.r.aws.ConfigClusterResolver      : Resolving eureka endpoints via configuration
2025-10-19T21:53:12.866+02:00  INFO 9967 --- [account-service] [AsyncResolver-bootstrap-executor-0] c.n.d.s.r.aws.ConfigClusterResolver      : Resolving eureka endpoints via configuration
2025-10-19T21:58:12.857+02:00  INFO 9967 --- [account-service] [AsyncResolver-bootstrap-executor-0] c.n.d.s.r.aws.ConfigClusterResolver      : Resolving eureka endpoints via configuration
2025-10-19T22:03:12.854+02:00  INFO 9967 --- [account-service] [AsyncResolver-bootstrap-executor-0] c.n.d.s.r.aws.ConfigClusterResolver      : Resolving eureka endpoints via configuration
2025-10-19T22:08:12.850+02:00  INFO 9967 --- [account-service] [AsyncResolver-bootstrap-executor-0] c.n.d.s.r.aws.ConfigClusterResolver      : Resolving eureka endpoints via configuration
