2025-10-19T18:57:31.596+02:00  INFO 9370 --- [main] t.a.d.DiscoveryServiceApplication        : Starting DiscoveryServiceApplication using Java 17.0.8 with PID 9370 (/Users/macbook/Desktop/MED-YOUSSFI/bank-account-app-microservice/discovery-service/target/classes started by macbook in /Users/macbook/Desktop/MED-YOUSSFI/bank-account-app-microservice)
2025-10-19T18:57:31.599+02:00  INFO 9370 --- [main] t.a.d.DiscoveryServiceApplication        : No active profile set, falling back to 1 default profile: "default"
2025-10-19T18:57:32.717+02:00  INFO 9370 --- [main] o.s.cloud.context.scope.GenericScope     : BeanFactory id=834cb537-be45-322d-9933-4e8e45945267
2025-10-19T18:57:32.765+02:00  WARN 9370 --- [main] trationDelegate$BeanPostProcessorChecker : Bean 'org.springframework.cloud.client.loadbalancer.LoadBalancerAutoConfiguration$LoadBalancerInterceptorConfig' of type [org.springframework.cloud.client.loadbalancer.LoadBalancerAutoConfiguration$LoadBalancerInterceptorConfig] is not eligible for getting processed by all BeanPostProcessors (for example: not eligible for auto-proxying). The currently created BeanPostProcessor [lbRestClientPostProcessor] is declared through a non-static factory method on that class; consider declaring it as static instead.
2025-10-19T18:57:32.769+02:00  WARN 9370 --- [main] trationDelegate$BeanPostProcessorChecker : Bean 'org.springframework.cloud.loadbalancer.config.BlockingLoadBalancerClientAutoConfiguration' of type [org.springframework.cloud.loadbalancer.config.BlockingLoadBalancerClientAutoConfiguration] is not eligible for getting processed by all BeanPostProcessors (for example: not eligible for auto-proxying). Is this bean getting eagerly injected into a currently created BeanPostProcessor [lbRestClientPostProcessor]? Check the corresponding BeanPostProcessor declaration and its dependencies.
2025-10-19T18:57:32.771+02:00  WARN 9370 --- [main] trationDelegate$BeanPostProcessorChecker : Bean 'org.springframework.cloud.loadbalancer.config.LoadBalancerAutoConfiguration' of type [org.springframework.cloud.loadbalancer.config.LoadBalancerAutoConfiguration] is not eligible for getting processed by all BeanPostProcessors (for example: not eligible for auto-proxying). Is this bean getting eagerly injected into a currently created BeanPostProcessor [lbRestClientPostProcessor]? Check the corresponding BeanPostProcessor declaration and its dependencies.
2025-10-19T18:57:32.777+02:00  WARN 9370 --- [main] trationDelegate$BeanPostProcessorChecker : Bean 'org.springframework.cloud.commons.config.CommonsConfigAutoConfiguration' of type [org.springframework.cloud.commons.config.CommonsConfigAutoConfiguration] is not eligible for getting processed by all BeanPostProcessors (for example: not eligible for auto-proxying). Is this bean getting eagerly injected into a currently created BeanPostProcessor [lbRestClientPostProcessor]? Check the corresponding BeanPostProcessor declaration and its dependencies.
2025-10-19T18:57:32.779+02:00  WARN 9370 --- [main] trationDelegate$BeanPostProcessorChecker : Bean 'org.springframework.cloud.client.loadbalancer.LoadBalancerDefaultMappingsProviderAutoConfiguration' of type [org.springframework.cloud.client.loadbalancer.LoadBalancerDefaultMappingsProviderAutoConfiguration] is not eligible for getting processed by all BeanPostProcessors (for example: not eligible for auto-proxying). Is this bean getting eagerly injected into a currently created BeanPostProcessor [lbRestClientPostProcessor]? Check the corresponding BeanPostProcessor declaration and its dependencies.
2025-10-19T18:57:32.781+02:00  WARN 9370 --- [main] trationDelegate$BeanPostProcessorChecker : Bean 'loadBalancerClientsDefaultsMappingsProvider' of type [org.springframework.cloud.client.loadbalancer.LoadBalancerDefaultMappingsProviderAutoConfiguration$$Lambda$526/0x0000000127388eb8] is not eligible for getting processed by all BeanPostProcessors (for example: not eligible for auto-proxying). Is this bean getting eagerly injected into a currently created BeanPostProcessor [lbRestClientPostProcessor]? Check the corresponding BeanPostProcessor declaration and its dependencies.
2025-10-19T18:57:32.782+02:00  WARN 9370 --- [main] trationDelegate$BeanPostProcessorChecker : Bean 'defaultsBindHandlerAdvisor' of type [org.springframework.cloud.commons.config.DefaultsBindHandlerAdvisor] is not eligible for getting processed by all BeanPostProcessors (for example: not eligible for auto-proxying). Is this bean getting eagerly injected into a currently created BeanPostProcessor [lbRestClientPostProcessor]? Check the corresponding BeanPostProcessor declaration and its dependencies.
2025-10-19T18:57:32.790+02:00  WARN 9370 --- [main] trationDelegate$BeanPostProcessorChecker : Bean 'spring.cloud.loadbalancer-org.springframework.cloud.client.loadbalancer.LoadBalancerClientsProperties' of type [org.springframework.cloud.client.loadbalancer.LoadBalancerClientsProperties] is not eligible for getting processed by all BeanPostProcessors (for example: not eligible for auto-proxying). Is this bean getting eagerly injected into a currently created BeanPostProcessor [lbRestClientPostProcessor]? Check the corresponding BeanPostProcessor declaration and its dependencies.
2025-10-19T18:57:32.797+02:00  WARN 9370 --- [main] trationDelegate$BeanPostProcessorChecker : Bean 'default.org.springframework.cloud.loadbalancer.config.LoadBalancerAutoConfiguration.LoadBalancerClientSpecification' of type [org.springframework.cloud.loadbalancer.annotation.LoadBalancerClientSpecification] is not eligible for getting processed by all BeanPostProcessors (for example: not eligible for auto-proxying). Is this bean getting eagerly injected into a currently created BeanPostProcessor [lbRestClientPostProcessor]? Check the corresponding BeanPostProcessor declaration and its dependencies.
2025-10-19T18:57:32.798+02:00  WARN 9370 --- [main] trationDelegate$BeanPostProcessorChecker : Bean 'default.org.springframework.cloud.loadbalancer.config.BlockingLoadBalancerClientAutoConfiguration.LoadBalancerClientSpecification' of type [org.springframework.cloud.loadbalancer.annotation.LoadBalancerClientSpecification] is not eligible for getting processed by all BeanPostProcessors (for example: not eligible for auto-proxying). Is this bean getting eagerly injected into a currently created BeanPostProcessor [lbRestClientPostProcessor]? Check the corresponding BeanPostProcessor declaration and its dependencies.
2025-10-19T18:57:32.798+02:00  WARN 9370 --- [main] trationDelegate$BeanPostProcessorChecker : Bean 'default.org.springframework.cloud.netflix.eureka.loadbalancer.LoadBalancerEurekaAutoConfiguration.LoadBalancerClientSpecification' of type [org.springframework.cloud.loadbalancer.annotation.LoadBalancerClientSpecification] is not eligible for getting processed by all BeanPostProcessors (for example: not eligible for auto-proxying). Is this bean getting eagerly injected into a currently created BeanPostProcessor [lbRestClientPostProcessor]? Check the corresponding BeanPostProcessor declaration and its dependencies.
2025-10-19T18:57:32.800+02:00  WARN 9370 --- [main] trationDelegate$BeanPostProcessorChecker : Bean 'loadBalancerClientFactory' of type [org.springframework.cloud.loadbalancer.support.LoadBalancerClientFactory] is not eligible for getting processed by all BeanPostProcessors (for example: not eligible for auto-proxying). Is this bean getting eagerly injected into a currently created BeanPostProcessor [lbRestClientPostProcessor]? Check the corresponding BeanPostProcessor declaration and its dependencies.
2025-10-19T18:57:32.802+02:00  WARN 9370 --- [main] trationDelegate$BeanPostProcessorChecker : Bean 'blockingLoadBalancerClient' of type [org.springframework.cloud.loadbalancer.blocking.client.BlockingLoadBalancerClient] is not eligible for getting processed by all BeanPostProcessors (for example: not eligible for auto-proxying). Is this bean getting eagerly injected into a currently created BeanPostProcessor [lbRestClientPostProcessor]? Check the corresponding BeanPostProcessor declaration and its dependencies.
2025-10-19T18:57:32.810+02:00  WARN 9370 --- [main] trationDelegate$BeanPostProcessorChecker : Bean 'loadBalancerServiceInstanceCookieTransformer' of type [org.springframework.cloud.loadbalancer.core.LoadBalancerServiceInstanceCookieTransformer] is not eligible for getting processed by all BeanPostProcessors (for example: not eligible for auto-proxying). Is this bean getting eagerly injected into a currently created BeanPostProcessor [lbRestClientPostProcessor]? Check the corresponding BeanPostProcessor declaration and its dependencies.
2025-10-19T18:57:32.811+02:00  WARN 9370 --- [main] trationDelegate$BeanPostProcessorChecker : Bean 'xForwarderHeadersTransformer' of type [org.springframework.cloud.loadbalancer.blocking.XForwardedHeadersTransformer] is not eligible for getting processed by all BeanPostProcessors (for example: not eligible for auto-proxying). Is this bean getting eagerly injected into a currently created BeanPostProcessor [lbRestClientPostProcessor]? Check the corresponding BeanPostProcessor declaration and its dependencies.
2025-10-19T18:57:32.812+02:00  WARN 9370 --- [main] trationDelegate$BeanPostProcessorChecker : Bean 'org.springframework.cloud.client.loadbalancer.LoadBalancerAutoConfiguration' of type [org.springframework.cloud.client.loadbalancer.LoadBalancerAutoConfiguration] is not eligible for getting processed by all BeanPostProcessors (for example: not eligible for auto-proxying). Is this bean getting eagerly injected into a currently created BeanPostProcessor [lbRestClientPostProcessor]? Check the corresponding BeanPostProcessor declaration and its dependencies.
2025-10-19T18:57:32.813+02:00  WARN 9370 --- [main] trationDelegate$BeanPostProcessorChecker : Bean 'loadBalancerRequestFactory' of type [org.springframework.cloud.client.loadbalancer.LoadBalancerRequestFactory] is not eligible for getting processed by all BeanPostProcessors (for example: not eligible for auto-proxying). Is this bean getting eagerly injected into a currently created BeanPostProcessor [lbRestClientPostProcessor]? Check the corresponding BeanPostProcessor declaration and its dependencies.
2025-10-19T18:57:32.814+02:00  WARN 9370 --- [main] trationDelegate$BeanPostProcessorChecker : Bean 'loadBalancerInterceptor' of type [org.springframework.cloud.client.loadbalancer.LoadBalancerInterceptor] is not eligible for getting processed by all BeanPostProcessors (for example: not eligible for auto-proxying). Is this bean getting eagerly injected into a currently created BeanPostProcessor [lbRestClientPostProcessor]? Check the corresponding BeanPostProcessor declaration and its dependencies.
2025-10-19T18:57:33.050+02:00  INFO 9370 --- [main] o.s.b.w.embedded.tomcat.TomcatWebServer  : Tomcat initialized with port 8761 (http)
2025-10-19T18:57:33.061+02:00  INFO 9370 --- [main] o.apache.catalina.core.StandardService   : Starting service [Tomcat]
2025-10-19T18:57:33.062+02:00  INFO 9370 --- [main] o.apache.catalina.core.StandardEngine    : Starting Servlet engine: [Apache Tomcat/10.1.19]
2025-10-19T18:57:33.129+02:00  INFO 9370 --- [main] o.a.c.c.C.[Tomcat].[localhost].[/]       : Initializing Spring embedded WebApplicationContext
2025-10-19T18:57:33.130+02:00  INFO 9370 --- [main] w.s.c.ServletWebServerApplicationContext : Root WebApplicationContext: initialization completed in 1470 ms
2025-10-19T18:57:33.994+02:00  INFO 9370 --- [main] c.n.d.provider.DiscoveryJerseyProvider   : Using JSON encoding codec LegacyJacksonJson
2025-10-19T18:57:33.995+02:00  INFO 9370 --- [main] c.n.d.provider.DiscoveryJerseyProvider   : Using JSON decoding codec LegacyJacksonJson
2025-10-19T18:57:34.178+02:00  INFO 9370 --- [main] c.n.d.provider.DiscoveryJerseyProvider   : Using XML encoding codec XStreamXml
2025-10-19T18:57:34.178+02:00  INFO 9370 --- [main] c.n.d.provider.DiscoveryJerseyProvider   : Using XML decoding codec XStreamXml
2025-10-19T18:57:34.917+02:00  WARN 9370 --- [main] iguration$LoadBalancerCaffeineWarnLogger : Spring Cloud LoadBalancer is currently working with the default cache. While this cache implementation is useful for development and tests, it's recommended to use Caffeine cache in production.You can switch to using Caffeine cache, by adding it and org.springframework.cache.caffeine.CaffeineCacheManager to the classpath.
2025-10-19T18:57:34.933+02:00  INFO 9370 --- [main] o.s.c.n.eureka.InstanceInfoFactory       : Setting initial instance status as: STARTING
2025-10-19T18:57:34.958+02:00  INFO 9370 --- [main] com.netflix.discovery.DiscoveryClient    : Initializing Eureka in region us-east-1
2025-10-19T18:57:34.958+02:00  INFO 9370 --- [main] com.netflix.discovery.DiscoveryClient    : Client configured to neither register nor query for data.
2025-10-19T18:57:34.968+02:00  INFO 9370 --- [main] com.netflix.discovery.DiscoveryClient    : Discovery Client initialized at timestamp 1760893054967 with initial instances count: 0
2025-10-19T18:57:35.001+02:00  INFO 9370 --- [main] c.n.eureka.DefaultEurekaServerContext    : Initializing ...
2025-10-19T18:57:35.003+02:00  INFO 9370 --- [main] c.n.eureka.cluster.PeerEurekaNodes       : Adding new peer nodes [http://localhost:8761/eureka/]
2025-10-19T18:57:35.138+02:00  INFO 9370 --- [main] c.n.d.provider.DiscoveryJerseyProvider   : Using JSON encoding codec LegacyJacksonJson
2025-10-19T18:57:35.138+02:00  INFO 9370 --- [main] c.n.d.provider.DiscoveryJerseyProvider   : Using JSON decoding codec LegacyJacksonJson
2025-10-19T18:57:35.139+02:00  INFO 9370 --- [main] c.n.d.provider.DiscoveryJerseyProvider   : Using XML encoding codec XStreamXml
2025-10-19T18:57:35.139+02:00  INFO 9370 --- [main] c.n.d.provider.DiscoveryJerseyProvider   : Using XML decoding codec XStreamXml
2025-10-19T18:57:35.194+02:00  INFO 9370 --- [main] c.n.eureka.cluster.PeerEurekaNodes       : Replica node URL:  http://localhost:8761/eureka/
2025-10-19T18:57:35.201+02:00  INFO 9370 --- [main] c.n.e.registry.AbstractInstanceRegistry  : Finished initializing remote region registries. All known remote regions: []
2025-10-19T18:57:35.201+02:00  INFO 9370 --- [main] c.n.eureka.DefaultEurekaServerContext    : Initialized
2025-10-19T18:57:35.209+02:00  INFO 9370 --- [main] o.s.b.a.e.web.EndpointLinksResolver      : Exposing 1 endpoint(s) beneath base path '/actuator'
2025-10-19T18:57:35.250+02:00  INFO 9370 --- [main] o.s.c.n.e.s.EurekaServiceRegistry        : Registering application UNKNOWN with eureka with status UP
2025-10-19T18:57:35.260+02:00  INFO 9370 --- [Thread-9] o.s.c.n.e.server.EurekaServerBootstrap   : isAws returned false
2025-10-19T18:57:35.261+02:00  INFO 9370 --- [Thread-9] o.s.c.n.e.server.EurekaServerBootstrap   : Initialized server context
2025-10-19T18:57:35.261+02:00  INFO 9370 --- [Thread-9] c.n.e.r.PeerAwareInstanceRegistryImpl    : Got 1 instances from neighboring DS node
2025-10-19T18:57:35.261+02:00  INFO 9370 --- [Thread-9] c.n.e.r.PeerAwareInstanceRegistryImpl    : Renew threshold is: 1
2025-10-19T18:57:35.261+02:00  INFO 9370 --- [Thread-9] c.n.e.r.PeerAwareInstanceRegistryImpl    : Changing status to UP
2025-10-19T18:57:35.267+02:00  INFO 9370 --- [main] o.s.b.w.embedded.tomcat.TomcatWebServer  : Tomcat started on port 8761 (http) with context path ''
2025-10-19T18:57:35.268+02:00  INFO 9370 --- [main] .s.c.n.e.s.EurekaAutoServiceRegistration : Updating port to 8761
2025-10-19T18:57:35.269+02:00  INFO 9370 --- [Thread-9] e.s.EurekaServerInitializerConfiguration : Started Eureka Server
2025-10-19T18:57:35.289+02:00  INFO 9370 --- [main] t.a.d.DiscoveryServiceApplication        : Started DiscoveryServiceApplication in 4.244 seconds (process running for 4.767)
2025-10-19T18:57:47.750+02:00  INFO 9370 --- [http-nio-8761-exec-1] o.a.c.c.C.[Tomcat].[localhost].[/]       : Initializing Spring DispatcherServlet 'dispatcherServlet'
2025-10-19T18:57:47.752+02:00  INFO 9370 --- [http-nio-8761-exec-1] o.s.web.servlet.DispatcherServlet        : Initializing Servlet 'dispatcherServlet'
2025-10-19T18:57:47.755+02:00  INFO 9370 --- [http-nio-8761-exec-1] o.s.web.servlet.DispatcherServlet        : Completed initialization in 3 ms
2025-10-19T18:57:47.900+02:00  INFO 9370 --- [http-nio-8761-exec-1] c.n.e.registry.AbstractInstanceRegistry  : Registered instance GATEWAY.SERVICE/mbp-de-macbook:gateway.service:9999 with status DOWN (replication=false)
2025-10-19T18:57:48.568+02:00  INFO 9370 --- [http-nio-8761-exec-2] c.n.e.registry.AbstractInstanceRegistry  : Registered instance GATEWAY.SERVICE/mbp-de-macbook:gateway.service:9999 with status DOWN (replication=true)
2025-10-19T18:57:52.806+02:00  INFO 9370 --- [http-nio-8761-exec-6] c.n.e.registry.AbstractInstanceRegistry  : Cancelled instance GATEWAY.SERVICE/mbp-de-macbook:gateway.service:9999 (replication=false)
2025-10-19T18:57:53.327+02:00  WARN 9370 --- [http-nio-8761-exec-9] c.n.e.registry.AbstractInstanceRegistry  : DS: Registry: cancel failed because Lease is not registered for: GATEWAY.SERVICE/mbp-de-macbook:gateway.service:9999
2025-10-19T18:57:53.328+02:00  INFO 9370 --- [http-nio-8761-exec-9] c.n.eureka.resources.InstanceResource    : Not Found (Cancel): GATEWAY.SERVICE - mbp-de-macbook:gateway.service:9999
2025-10-19T18:57:53.331+02:00  WARN 9370 --- [TaskBatchingWorker-target_localhost-7] c.n.eureka.cluster.ReplicationTask       : The replication of task GATEWAY.SERVICE/mbp-de-macbook:gateway.service:9999:Cancel@localhost failed with response code 404
2025-10-19T18:57:53.331+02:00  WARN 9370 --- [TaskBatchingWorker-target_localhost-7] c.netflix.eureka.cluster.PeerEurekaNode  : GATEWAY.SERVICE/mbp-de-macbook:gateway.service:9999:Cancel@localhost: missing entry.
2025-10-19T18:57:58.670+02:00  INFO 9370 --- [http-nio-8761-exec-1] c.n.e.registry.AbstractInstanceRegistry  : Registered instance GATEWAY.SERVICE/mbp-de-macbook:gateway.service:9999 with status UP (replication=false)
2025-10-19T18:57:59.182+02:00  INFO 9370 --- [http-nio-8761-exec-2] c.n.e.registry.AbstractInstanceRegistry  : Registered instance GATEWAY.SERVICE/mbp-de-macbook:gateway.service:9999 with status UP (replication=true)
2025-10-19T18:58:16.999+02:00  INFO 9370 --- [http-nio-8761-exec-4] c.n.e.registry.AbstractInstanceRegistry  : Registered instance CONFIG-SERVICE/mbp-de-macbook:config-service:8888 with status UP (replication=false)
2025-10-19T18:58:17.512+02:00  INFO 9370 --- [http-nio-8761-exec-5] c.n.e.registry.AbstractInstanceRegistry  : Registered instance CONFIG-SERVICE/mbp-de-macbook:config-service:8888 with status UP (replication=true)
2025-10-19T18:58:35.263+02:00  INFO 9370 --- [Eureka-EvictionTimer] c.n.e.registry.AbstractInstanceRegistry  : Running the evict task with compensationTime 0ms
2025-10-19T18:58:41.369+02:00  INFO 9370 --- [http-nio-8761-exec-10] c.n.e.registry.AbstractInstanceRegistry  : Registered instance CUSTOMER-SERVICE/mbp-de-macbook:customer-service:8081 with status DOWN (replication=false)
2025-10-19T18:58:41.374+02:00  INFO 9370 --- [http-nio-8761-exec-1] c.n.e.registry.AbstractInstanceRegistry  : Registered instance CUSTOMER-SERVICE/mbp-de-macbook:customer-service:8081 with status DOWN (replication=false)
2025-10-19T18:58:41.380+02:00  INFO 9370 --- [http-nio-8761-exec-2] c.n.e.registry.AbstractInstanceRegistry  : Cancelled instance CUSTOMER-SERVICE/mbp-de-macbook:customer-service:8081 (replication=false)
2025-10-19T18:58:41.884+02:00  INFO 9370 --- [http-nio-8761-exec-5] c.n.e.registry.AbstractInstanceRegistry  : Registered instance CUSTOMER-SERVICE/mbp-de-macbook:customer-service:8081 with status DOWN (replication=true)
2025-10-19T18:58:41.884+02:00  INFO 9370 --- [http-nio-8761-exec-5] c.n.e.registry.AbstractInstanceRegistry  : Cancelled instance CUSTOMER-SERVICE/mbp-de-macbook:customer-service:8081 (replication=true)
2025-10-19T18:59:21.805+02:00  INFO 9370 --- [http-nio-8761-exec-6] c.n.e.registry.AbstractInstanceRegistry  : Registered instance ACCOUNT-SERVICE/mbp-de-macbook:account-service:8082 with status UP (replication=false)
2025-10-19T18:59:22.313+02:00  INFO 9370 --- [http-nio-8761-exec-7] c.n.e.registry.AbstractInstanceRegistry  : Registered instance ACCOUNT-SERVICE/mbp-de-macbook:account-service:8082 with status UP (replication=true)
2025-10-19T18:59:35.263+02:00  INFO 9370 --- [Eureka-EvictionTimer] c.n.e.registry.AbstractInstanceRegistry  : Running the evict task with compensationTime 3ms
2025-10-19T18:59:49.226+02:00  INFO 9370 --- [http-nio-8761-exec-5] c.n.e.registry.AbstractInstanceRegistry  : Registered instance CUSTOMER-SERVICE/mbp-de-macbook:customer-service:8085 with status UP (replication=false)
2025-10-19T18:59:49.233+02:00  INFO 9370 --- [http-nio-8761-exec-6] c.n.e.registry.AbstractInstanceRegistry  : Cancelled instance CUSTOMER-SERVICE/mbp-de-macbook:customer-service:8085 (replication=false)
2025-10-19T18:59:49.739+02:00  INFO 9370 --- [http-nio-8761-exec-9] c.n.e.registry.AbstractInstanceRegistry  : Registered instance CUSTOMER-SERVICE/mbp-de-macbook:customer-service:8085 with status UP (replication=true)
2025-10-19T18:59:49.739+02:00  INFO 9370 --- [http-nio-8761-exec-9] c.n.e.registry.AbstractInstanceRegistry  : Cancelled instance CUSTOMER-SERVICE/mbp-de-macbook:customer-service:8085 (replication=true)
2025-10-19T19:00:35.264+02:00  INFO 9370 --- [Eureka-EvictionTimer] c.n.e.registry.AbstractInstanceRegistry  : Running the evict task with compensationTime 4ms
2025-10-19T19:01:35.264+02:00  INFO 9370 --- [Eureka-EvictionTimer] c.n.e.registry.AbstractInstanceRegistry  : Running the evict task with compensationTime 4ms
2025-10-19T19:02:35.276+02:00  INFO 9370 --- [Eureka-EvictionTimer] c.n.e.registry.AbstractInstanceRegistry  : Running the evict task with compensationTime 9ms
2025-10-19T19:03:35.269+02:00  INFO 9370 --- [Eureka-EvictionTimer] c.n.e.registry.AbstractInstanceRegistry  : Running the evict task with compensationTime 2ms
2025-10-19T19:04:35.269+02:00  INFO 9370 --- [Eureka-EvictionTimer] c.n.e.registry.AbstractInstanceRegistry  : Running the evict task with compensationTime 3ms
2025-10-19T19:05:35.269+02:00  INFO 9370 --- [Eureka-EvictionTimer] c.n.e.registry.AbstractInstanceRegistry  : Running the evict task with compensationTime 4ms
2025-10-19T19:05:43.441+02:00  INFO 9370 --- [http-nio-8761-exec-5] c.n.e.registry.AbstractInstanceRegistry  : Registered instance ACCOUNT-SERVICE/mbp-de-macbook:account-service:8082 with status DOWN (replication=false)
2025-10-19T19:05:43.446+02:00  INFO 9370 --- [http-nio-8761-exec-2] c.n.e.registry.AbstractInstanceRegistry  : Registered instance ACCOUNT-SERVICE/mbp-de-macbook:account-service:8082 with status DOWN (replication=false)
2025-10-19T19:05:43.452+02:00  INFO 9370 --- [http-nio-8761-exec-6] c.n.e.registry.AbstractInstanceRegistry  : Cancelled instance ACCOUNT-SERVICE/mbp-de-macbook:account-service:8082 (replication=false)
2025-10-19T19:05:43.958+02:00  INFO 9370 --- [http-nio-8761-exec-9] c.n.e.registry.AbstractInstanceRegistry  : Registered instance ACCOUNT-SERVICE/mbp-de-macbook:account-service:8082 with status DOWN (replication=true)
2025-10-19T19:05:43.959+02:00  INFO 9370 --- [http-nio-8761-exec-9] c.n.e.registry.AbstractInstanceRegistry  : Cancelled instance ACCOUNT-SERVICE/mbp-de-macbook:account-service:8082 (replication=true)
2025-10-19T19:05:51.840+02:00  WARN 9370 --- [http-nio-8761-exec-7] c.n.e.registry.AbstractInstanceRegistry  : DS: Registry: lease doesn't exist, registering resource: ACCOUNT-SERVICE - mbp-de-macbook:account-service:8082
2025-10-19T19:05:51.840+02:00  WARN 9370 --- [http-nio-8761-exec-7] c.n.eureka.resources.InstanceResource    : Not Found (Renew): ACCOUNT-SERVICE - mbp-de-macbook:account-service:8082
2025-10-19T19:05:51.937+02:00  INFO 9370 --- [http-nio-8761-exec-2] c.n.e.registry.AbstractInstanceRegistry  : Registered instance ACCOUNT-SERVICE/mbp-de-macbook:account-service:8082 with status UP (replication=false)
2025-10-19T19:05:52.452+02:00  INFO 9370 --- [http-nio-8761-exec-6] c.n.e.registry.AbstractInstanceRegistry  : Registered instance ACCOUNT-SERVICE/mbp-de-macbook:account-service:8082 with status UP (replication=true)
2025-10-19T19:06:35.270+02:00  INFO 9370 --- [Eureka-EvictionTimer] c.n.e.registry.AbstractInstanceRegistry  : Running the evict task with compensationTime 4ms
2025-10-19T19:06:42.805+02:00  INFO 9370 --- [http-nio-8761-exec-10] c.n.e.registry.AbstractInstanceRegistry  : Registered instance ACCOUNT-SERVICE/mbp-de-macbook:account-service:8087 with status UP (replication=false)
2025-10-19T19:06:43.322+02:00  INFO 9370 --- [http-nio-8761-exec-3] c.n.e.registry.AbstractInstanceRegistry  : Registered instance ACCOUNT-SERVICE/mbp-de-macbook:account-service:8087 with status UP (replication=true)
2025-10-19T19:07:24.579+02:00  INFO 9370 --- [http-nio-8761-exec-10] c.n.e.registry.AbstractInstanceRegistry  : Registered instance ACCOUNT-SERVICE/mbp-de-macbook:account-service:8082 with status DOWN (replication=false)
2025-10-19T19:07:25.094+02:00  INFO 9370 --- [http-nio-8761-exec-3] c.n.e.registry.AbstractInstanceRegistry  : Registered instance ACCOUNT-SERVICE/mbp-de-macbook:account-service:8082 with status DOWN (replication=true)
2025-10-19T19:07:27.657+02:00  INFO 9370 --- [http-nio-8761-exec-5] c.n.e.registry.AbstractInstanceRegistry  : Cancelled instance ACCOUNT-SERVICE/mbp-de-macbook:account-service:8082 (replication=false)
2025-10-19T19:07:28.171+02:00  WARN 9370 --- [http-nio-8761-exec-7] c.n.e.registry.AbstractInstanceRegistry  : DS: Registry: cancel failed because Lease is not registered for: ACCOUNT-SERVICE/mbp-de-macbook:account-service:8082
2025-10-19T19:07:28.172+02:00  INFO 9370 --- [http-nio-8761-exec-7] c.n.eureka.resources.InstanceResource    : Not Found (Cancel): ACCOUNT-SERVICE - mbp-de-macbook:account-service:8082
2025-10-19T19:07:28.173+02:00  WARN 9370 --- [TaskBatchingWorker-target_localhost-16] c.n.eureka.cluster.ReplicationTask       : The replication of task ACCOUNT-SERVICE/mbp-de-macbook:account-service:8082:Cancel@localhost failed with response code 404
2025-10-19T19:07:28.173+02:00  WARN 9370 --- [TaskBatchingWorker-target_localhost-16] c.netflix.eureka.cluster.PeerEurekaNode  : ACCOUNT-SERVICE/mbp-de-macbook:account-service:8082:Cancel@localhost: missing entry.
2025-10-19T19:07:35.270+02:00  INFO 9370 --- [Eureka-EvictionTimer] c.n.e.registry.AbstractInstanceRegistry  : Running the evict task with compensationTime 3ms
2025-10-19T19:07:39.112+02:00  INFO 9370 --- [http-nio-8761-exec-10] c.n.e.registry.AbstractInstanceRegistry  : Registered instance ACCOUNT-SERVICE/mbp-de-macbook:account-service:8082 with status UP (replication=false)
2025-10-19T19:07:39.623+02:00  INFO 9370 --- [http-nio-8761-exec-3] c.n.e.registry.AbstractInstanceRegistry  : Registered instance ACCOUNT-SERVICE/mbp-de-macbook:account-service:8082 with status UP (replication=true)
2025-10-19T19:07:59.278+02:00  INFO 9370 --- [http-nio-8761-exec-10] c.n.e.registry.AbstractInstanceRegistry  : Registered instance ACCOUNT-SERVICE/mbp-de-macbook:account-service:8087 with status DOWN (replication=false)
2025-10-19T19:07:59.363+02:00  INFO 9370 --- [http-nio-8761-exec-3] c.n.e.registry.AbstractInstanceRegistry  : Registered instance ACCOUNT-SERVICE/mbp-de-macbook:account-service:8087 with status DOWN (replication=true)
2025-10-19T19:08:02.304+02:00  INFO 9370 --- [http-nio-8761-exec-5] c.n.e.registry.AbstractInstanceRegistry  : Cancelled instance ACCOUNT-SERVICE/mbp-de-macbook:account-service:8087 (replication=false)
2025-10-19T19:08:02.810+02:00  WARN 9370 --- [http-nio-8761-exec-7] c.n.e.registry.AbstractInstanceRegistry  : DS: Registry: cancel failed because Lease is not registered for: ACCOUNT-SERVICE/mbp-de-macbook:account-service:8087
2025-10-19T19:08:02.810+02:00  INFO 9370 --- [http-nio-8761-exec-7] c.n.eureka.resources.InstanceResource    : Not Found (Cancel): ACCOUNT-SERVICE - mbp-de-macbook:account-service:8087
2025-10-19T19:08:02.812+02:00  WARN 9370 --- [TaskBatchingWorker-target_localhost-12] c.n.eureka.cluster.ReplicationTask       : The replication of task ACCOUNT-SERVICE/mbp-de-macbook:account-service:8087:Cancel@localhost failed with response code 404
2025-10-19T19:08:02.812+02:00  WARN 9370 --- [TaskBatchingWorker-target_localhost-12] c.netflix.eureka.cluster.PeerEurekaNode  : ACCOUNT-SERVICE/mbp-de-macbook:account-service:8087:Cancel@localhost: missing entry.
2025-10-19T19:08:35.271+02:00  INFO 9370 --- [Eureka-EvictionTimer] c.n.e.registry.AbstractInstanceRegistry  : Running the evict task with compensationTime 4ms
2025-10-19T19:09:35.272+02:00  INFO 9370 --- [Eureka-EvictionTimer] c.n.e.registry.AbstractInstanceRegistry  : Running the evict task with compensationTime 5ms
2025-10-19T19:10:35.273+02:00  INFO 9370 --- [Eureka-EvictionTimer] c.n.e.registry.AbstractInstanceRegistry  : Running the evict task with compensationTime 3ms
2025-10-19T19:11:35.273+02:00  INFO 9370 --- [Eureka-EvictionTimer] c.n.e.registry.AbstractInstanceRegistry  : Running the evict task with compensationTime 4ms
2025-10-19T19:12:35.202+02:00  INFO 9370 --- [ReplicaAwareInstanceRegistry - RenewalThresholdUpdater] c.n.e.r.PeerAwareInstanceRegistryImpl    : Current renewal threshold is : 6
2025-10-19T19:12:35.275+02:00  INFO 9370 --- [Eureka-EvictionTimer] c.n.e.registry.AbstractInstanceRegistry  : Running the evict task with compensationTime 5ms
2025-10-19T19:13:35.276+02:00  INFO 9370 --- [Eureka-EvictionTimer] c.n.e.registry.AbstractInstanceRegistry  : Running the evict task with compensationTime 4ms
2025-10-19T19:14:35.276+02:00  INFO 9370 --- [Eureka-EvictionTimer] c.n.e.registry.AbstractInstanceRegistry  : Running the evict task with compensationTime 3ms
2025-10-19T19:15:35.277+02:00  INFO 9370 --- [Eureka-EvictionTimer] c.n.e.registry.AbstractInstanceRegistry  : Running the evict task with compensationTime 3ms
2025-10-19T19:16:35.276+02:00  INFO 9370 --- [Eureka-EvictionTimer] c.n.e.registry.AbstractInstanceRegistry  : Running the evict task with compensationTime 3ms
2025-10-19T19:17:35.276+02:00  INFO 9370 --- [Eureka-EvictionTimer] c.n.e.registry.AbstractInstanceRegistry  : Running the evict task with compensationTime 3ms
2025-10-19T19:18:35.277+02:00  INFO 9370 --- [Eureka-EvictionTimer] c.n.e.registry.AbstractInstanceRegistry  : Running the evict task with compensationTime 4ms
2025-10-19T19:19:35.278+02:00  INFO 9370 --- [Eureka-EvictionTimer] c.n.e.registry.AbstractInstanceRegistry  : Running the evict task with compensationTime 4ms
2025-10-19T19:20:35.279+02:00  INFO 9370 --- [Eureka-EvictionTimer] c.n.e.registry.AbstractInstanceRegistry  : Running the evict task with compensationTime 4ms
2025-10-19T19:21:35.279+02:00  INFO 9370 --- [Eureka-EvictionTimer] c.n.e.registry.AbstractInstanceRegistry  : Running the evict task with compensationTime 4ms
2025-10-19T19:22:35.280+02:00  INFO 9370 --- [Eureka-EvictionTimer] c.n.e.registry.AbstractInstanceRegistry  : Running the evict task with compensationTime 4ms
2025-10-19T19:23:35.280+02:00  INFO 9370 --- [Eureka-EvictionTimer] c.n.e.registry.AbstractInstanceRegistry  : Running the evict task with compensationTime 3ms
2025-10-19T19:24:35.282+02:00  INFO 9370 --- [Eureka-EvictionTimer] c.n.e.registry.AbstractInstanceRegistry  : Running the evict task with compensationTime 5ms
2025-10-19T19:25:35.282+02:00  INFO 9370 --- [Eureka-EvictionTimer] c.n.e.registry.AbstractInstanceRegistry  : Running the evict task with compensationTime 4ms
2025-10-19T19:26:35.282+02:00  INFO 9370 --- [Eureka-EvictionTimer] c.n.e.registry.AbstractInstanceRegistry  : Running the evict task with compensationTime 3ms
2025-10-19T19:27:35.210+02:00  INFO 9370 --- [ReplicaAwareInstanceRegistry - RenewalThresholdUpdater] c.n.e.r.PeerAwareInstanceRegistryImpl    : Current renewal threshold is : 6
2025-10-19T19:27:35.283+02:00  INFO 9370 --- [Eureka-EvictionTimer] c.n.e.registry.AbstractInstanceRegistry  : Running the evict task with compensationTime 4ms
2025-10-19T19:28:35.285+02:00  INFO 9370 --- [Eureka-EvictionTimer] c.n.e.registry.AbstractInstanceRegistry  : Running the evict task with compensationTime 4ms
2025-10-19T19:29:35.291+02:00  INFO 9370 --- [Eureka-EvictionTimer] c.n.e.registry.AbstractInstanceRegistry  : Running the evict task with compensationTime 9ms
2025-10-19T19:30:35.293+02:00  INFO 9370 --- [Eureka-EvictionTimer] c.n.e.registry.AbstractInstanceRegistry  : Running the evict task with compensationTime 5ms
2025-10-19T19:38:45.140+02:00  INFO 9370 --- [Eureka-EvictionTimer] c.n.e.registry.AbstractInstanceRegistry  : Running the evict task with compensationTime 7ms
2025-10-19T19:39:45.591+02:00  INFO 9370 --- [Eureka-EvictionTimer] c.n.e.registry.AbstractInstanceRegistry  : Running the evict task with compensationTime 4ms
2025-10-19T19:46:14.934+02:00  INFO 9370 --- [Eureka-EvictionTimer] c.n.e.registry.AbstractInstanceRegistry  : Running the evict task with compensationTime 9ms
2025-10-19T19:47:14.934+02:00  INFO 9370 --- [Eureka-EvictionTimer] c.n.e.registry.AbstractInstanceRegistry  : Running the evict task with compensationTime 0ms
2025-10-19T19:48:14.934+02:00  INFO 9370 --- [Eureka-EvictionTimer] c.n.e.registry.AbstractInstanceRegistry  : Running the evict task with compensationTime 3ms
2025-10-19T19:49:14.935+02:00  INFO 9370 --- [Eureka-EvictionTimer] c.n.e.registry.AbstractInstanceRegistry  : Running the evict task with compensationTime 4ms
2025-10-19T19:57:22.238+02:00  INFO 9370 --- [Eureka-EvictionTimer] c.n.e.registry.AbstractInstanceRegistry  : Running the evict task with compensationTime 6ms
2025-10-19T19:58:22.241+02:00  INFO 9370 --- [Eureka-EvictionTimer] c.n.e.registry.AbstractInstanceRegistry  : Running the evict task with compensationTime 5ms
2025-10-19T19:59:22.239+02:00  INFO 9370 --- [Eureka-EvictionTimer] c.n.e.registry.AbstractInstanceRegistry  : Running the evict task with compensationTime 2ms
2025-10-19T20:00:22.240+02:00  INFO 9370 --- [Eureka-EvictionTimer] c.n.e.registry.AbstractInstanceRegistry  : Running the evict task with compensationTime 3ms
2025-10-19T20:01:22.240+02:00  INFO 9370 --- [Eureka-EvictionTimer] c.n.e.registry.AbstractInstanceRegistry  : Running the evict task with compensationTime 4ms
2025-10-19T20:02:10.684+02:00  INFO 9370 --- [http-nio-8761-exec-6] c.n.e.registry.AbstractInstanceRegistry  : Registered instance CUSTOMER-SERVICE/mbp-de-macbook:customer-service:8085 with status UP (replication=false)
2025-10-19T20:02:11.195+02:00  INFO 9370 --- [http-nio-8761-exec-4] c.n.e.registry.AbstractInstanceRegistry  : Registered instance CUSTOMER-SERVICE/mbp-de-macbook:customer-service:8085 with status UP (replication=true)
2025-10-19T20:02:13.733+02:00  INFO 9370 --- [http-nio-8761-exec-3] c.n.e.registry.AbstractInstanceRegistry  : Cancelled instance CUSTOMER-SERVICE/mbp-de-macbook:customer-service:8085 (replication=false)
2025-10-19T20:02:14.248+02:00  WARN 9370 --- [http-nio-8761-exec-10] c.n.e.registry.AbstractInstanceRegistry  : DS: Registry: cancel failed because Lease is not registered for: CUSTOMER-SERVICE/mbp-de-macbook:customer-service:8085
2025-10-19T20:02:14.249+02:00  INFO 9370 --- [http-nio-8761-exec-10] c.n.eureka.resources.InstanceResource    : Not Found (Cancel): CUSTOMER-SERVICE - mbp-de-macbook:customer-service:8085
2025-10-19T20:02:14.251+02:00  WARN 9370 --- [TaskBatchingWorker-target_localhost-13] c.n.eureka.cluster.ReplicationTask       : The replication of task CUSTOMER-SERVICE/mbp-de-macbook:customer-service:8085:Cancel@localhost failed with response code 404
2025-10-19T20:02:14.251+02:00  WARN 9370 --- [TaskBatchingWorker-target_localhost-13] c.netflix.eureka.cluster.PeerEurekaNode  : CUSTOMER-SERVICE/mbp-de-macbook:customer-service:8085:Cancel@localhost: missing entry.
2025-10-19T20:02:22.093+02:00  INFO 9370 --- [ReplicaAwareInstanceRegistry - RenewalThresholdUpdater] c.n.e.r.PeerAwareInstanceRegistryImpl    : Current renewal threshold is : 6
2025-10-19T20:02:22.240+02:00  INFO 9370 --- [Eureka-EvictionTimer] c.n.e.registry.AbstractInstanceRegistry  : Running the evict task with compensationTime 3ms
2025-10-19T20:03:22.240+02:00  INFO 9370 --- [Eureka-EvictionTimer] c.n.e.registry.AbstractInstanceRegistry  : Running the evict task with compensationTime 3ms
2025-10-19T20:04:22.241+02:00  INFO 9370 --- [Eureka-EvictionTimer] c.n.e.registry.AbstractInstanceRegistry  : Running the evict task with compensationTime 4ms
2025-10-19T20:05:22.241+02:00  INFO 9370 --- [Eureka-EvictionTimer] c.n.e.registry.AbstractInstanceRegistry  : Running the evict task with compensationTime 99ms
2025-10-19T20:06:22.242+02:00  INFO 9370 --- [Eureka-EvictionTimer] c.n.e.registry.AbstractInstanceRegistry  : Running the evict task with compensationTime 3ms
2025-10-19T20:07:22.242+02:00  INFO 9370 --- [Eureka-EvictionTimer] c.n.e.registry.AbstractInstanceRegistry  : Running the evict task with compensationTime 3ms
2025-10-19T20:08:22.242+02:00  INFO 9370 --- [Eureka-EvictionTimer] c.n.e.registry.AbstractInstanceRegistry  : Running the evict task with compensationTime 4ms
2025-10-19T20:09:22.243+02:00  INFO 9370 --- [Eureka-EvictionTimer] c.n.e.registry.AbstractInstanceRegistry  : Running the evict task with compensationTime 3ms
2025-10-19T20:10:22.248+02:00  INFO 9370 --- [Eureka-EvictionTimer] c.n.e.registry.AbstractInstanceRegistry  : Running the evict task with compensationTime 8ms
2025-10-19T20:11:22.247+02:00  INFO 9370 --- [Eureka-EvictionTimer] c.n.e.registry.AbstractInstanceRegistry  : Running the evict task with compensationTime 3ms
2025-10-19T20:12:22.247+02:00  INFO 9370 --- [Eureka-EvictionTimer] c.n.e.registry.AbstractInstanceRegistry  : Running the evict task with compensationTime 3ms
2025-10-19T20:13:22.249+02:00  INFO 9370 --- [Eureka-EvictionTimer] c.n.e.registry.AbstractInstanceRegistry  : Running the evict task with compensationTime 5ms
2025-10-19T20:14:22.249+02:00  INFO 9370 --- [Eureka-EvictionTimer] c.n.e.registry.AbstractInstanceRegistry  : Running the evict task with compensationTime 3ms
2025-10-19T20:15:22.249+02:00  INFO 9370 --- [Eureka-EvictionTimer] c.n.e.registry.AbstractInstanceRegistry  : Running the evict task with compensationTime 4ms
2025-10-19T20:16:22.252+02:00  INFO 9370 --- [Eureka-EvictionTimer] c.n.e.registry.AbstractInstanceRegistry  : Running the evict task with compensationTime 5ms
2025-10-19T20:17:22.093+02:00  INFO 9370 --- [ReplicaAwareInstanceRegistry - RenewalThresholdUpdater] c.n.e.r.PeerAwareInstanceRegistryImpl    : Current renewal threshold is : 6
2025-10-19T20:17:22.257+02:00  INFO 9370 --- [Eureka-EvictionTimer] c.n.e.registry.AbstractInstanceRegistry  : Running the evict task with compensationTime 8ms
2025-10-19T20:18:22.258+02:00  INFO 9370 --- [Eureka-EvictionTimer] c.n.e.registry.AbstractInstanceRegistry  : Running the evict task with compensationTime 4ms
2025-10-19T20:19:22.258+02:00  INFO 9370 --- [Eureka-EvictionTimer] c.n.e.registry.AbstractInstanceRegistry  : Running the evict task with compensationTime 4ms
2025-10-19T20:20:22.403+02:00  INFO 9370 --- [Eureka-EvictionTimer] c.n.e.registry.AbstractInstanceRegistry  : Running the evict task with compensationTime 4ms
2025-10-19T20:21:22.408+02:00  INFO 9370 --- [Eureka-EvictionTimer] c.n.e.registry.AbstractInstanceRegistry  : Running the evict task with compensationTime 2ms
2025-10-19T20:22:22.412+02:00  INFO 9370 --- [Eureka-EvictionTimer] c.n.e.registry.AbstractInstanceRegistry  : Running the evict task with compensationTime 1ms
2025-10-19T20:23:22.422+02:00  INFO 9370 --- [Eureka-EvictionTimer] c.n.e.registry.AbstractInstanceRegistry  : Running the evict task with compensationTime 8ms
2025-10-19T20:24:22.429+02:00  INFO 9370 --- [Eureka-EvictionTimer] c.n.e.registry.AbstractInstanceRegistry  : Running the evict task with compensationTime 4ms
2025-10-19T20:25:22.431+02:00  INFO 9370 --- [Eureka-EvictionTimer] c.n.e.registry.AbstractInstanceRegistry  : Running the evict task with compensationTime 0ms
2025-10-19T20:26:22.440+02:00  INFO 9370 --- [Eureka-EvictionTimer] c.n.e.registry.AbstractInstanceRegistry  : Running the evict task with compensationTime 7ms
2025-10-19T20:27:22.444+02:00  INFO 9370 --- [Eureka-EvictionTimer] c.n.e.registry.AbstractInstanceRegistry  : Running the evict task with compensationTime 2ms
2025-10-19T20:28:22.456+02:00  INFO 9370 --- [Eureka-EvictionTimer] c.n.e.registry.AbstractInstanceRegistry  : Running the evict task with compensationTime 9ms
2025-10-19T20:29:22.458+02:00  INFO 9370 --- [Eureka-EvictionTimer] c.n.e.registry.AbstractInstanceRegistry  : Running the evict task with compensationTime 0ms
2025-10-19T20:30:22.462+02:00  INFO 9370 --- [Eureka-EvictionTimer] c.n.e.registry.AbstractInstanceRegistry  : Running the evict task with compensationTime 2ms
2025-10-19T20:31:22.465+02:00  INFO 9370 --- [Eureka-EvictionTimer] c.n.e.registry.AbstractInstanceRegistry  : Running the evict task with compensationTime 0ms
2025-10-19T20:32:22.252+02:00  INFO 9370 --- [ReplicaAwareInstanceRegistry - RenewalThresholdUpdater] c.n.e.r.PeerAwareInstanceRegistryImpl    : Current renewal threshold is : 6
2025-10-19T20:32:22.472+02:00  INFO 9370 --- [Eureka-EvictionTimer] c.n.e.registry.AbstractInstanceRegistry  : Running the evict task with compensationTime 4ms
2025-10-19T20:33:22.476+02:00  INFO 9370 --- [Eureka-EvictionTimer] c.n.e.registry.AbstractInstanceRegistry  : Running the evict task with compensationTime 2ms
2025-10-19T20:34:22.481+02:00  INFO 9370 --- [Eureka-EvictionTimer] c.n.e.registry.AbstractInstanceRegistry  : Running the evict task with compensationTime 3ms
2025-10-19T20:35:22.483+02:00  INFO 9370 --- [Eureka-EvictionTimer] c.n.e.registry.AbstractInstanceRegistry  : Running the evict task with compensationTime 120ms
2025-10-19T20:36:22.483+02:00  INFO 9370 --- [Eureka-EvictionTimer] c.n.e.registry.AbstractInstanceRegistry  : Running the evict task with compensationTime 2ms
2025-10-19T20:37:22.491+02:00  INFO 9370 --- [Eureka-EvictionTimer] c.n.e.registry.AbstractInstanceRegistry  : Running the evict task with compensationTime 9ms
2025-10-19T20:38:22.497+02:00  INFO 9370 --- [Eureka-EvictionTimer] c.n.e.registry.AbstractInstanceRegistry  : Running the evict task with compensationTime 7ms
2025-10-19T20:39:22.503+02:00  INFO 9370 --- [Eureka-EvictionTimer] c.n.e.registry.AbstractInstanceRegistry  : Running the evict task with compensationTime 8ms
2025-10-19T20:40:22.507+02:00  INFO 9370 --- [Eureka-EvictionTimer] c.n.e.registry.AbstractInstanceRegistry  : Running the evict task with compensationTime 6ms
2025-10-19T20:41:22.512+02:00  INFO 9370 --- [Eureka-EvictionTimer] c.n.e.registry.AbstractInstanceRegistry  : Running the evict task with compensationTime 6ms
2025-10-19T20:42:22.513+02:00  INFO 9370 --- [Eureka-EvictionTimer] c.n.e.registry.AbstractInstanceRegistry  : Running the evict task with compensationTime 2ms
2025-10-19T20:43:22.518+02:00  INFO 9370 --- [Eureka-EvictionTimer] c.n.e.registry.AbstractInstanceRegistry  : Running the evict task with compensationTime 7ms
2025-10-19T20:44:22.521+02:00  INFO 9370 --- [Eureka-EvictionTimer] c.n.e.registry.AbstractInstanceRegistry  : Running the evict task with compensationTime 5ms
2025-10-19T20:45:46.565+02:00  INFO 9370 --- [Eureka-EvictionTimer] c.n.e.registry.AbstractInstanceRegistry  : Running the evict task with compensationTime 8ms
2025-10-19T21:06:46.385+02:00  INFO 9370 --- [Eureka-EvictionTimer] c.n.e.registry.AbstractInstanceRegistry  : Running the evict task with compensationTime 8ms
2025-10-19T21:22:50.924+02:00  INFO 9370 --- [ReplicaAwareInstanceRegistry - RenewalThresholdUpdater] c.n.e.r.PeerAwareInstanceRegistryImpl    : Current renewal threshold is : 6
2025-10-19T21:22:51.344+02:00  INFO 9370 --- [Eureka-EvictionTimer] c.n.e.registry.AbstractInstanceRegistry  : Running the evict task with compensationTime 0ms
2025-10-19T21:23:51.347+02:00  INFO 9370 --- [Eureka-EvictionTimer] c.n.e.registry.AbstractInstanceRegistry  : Running the evict task with compensationTime 4ms
2025-10-19T21:31:07.964+02:00  INFO 9370 --- [Eureka-EvictionTimer] c.n.e.registry.AbstractInstanceRegistry  : Running the evict task with compensationTime 6ms
2025-10-19T21:32:07.971+02:00  INFO 9370 --- [Eureka-EvictionTimer] c.n.e.registry.AbstractInstanceRegistry  : Running the evict task with compensationTime 8ms
2025-10-19T21:42:09.941+02:00  INFO 9370 --- [Eureka-EvictionTimer] c.n.e.registry.AbstractInstanceRegistry  : Running the evict task with compensationTime 6ms
2025-10-19T21:42:09.942+02:00  INFO 9370 --- [Eureka-EvictionTimer] c.n.e.registry.AbstractInstanceRegistry  : Evicting 1 items (expired=1, evictionLimit=1)
2025-10-19T21:42:09.943+02:00  WARN 9370 --- [Eureka-EvictionTimer] c.n.e.registry.AbstractInstanceRegistry  : DS: Registry: expired lease for ACCOUNT-SERVICE/mbp-de-macbook:account-service:8082
2025-10-19T21:42:09.943+02:00  INFO 9370 --- [Eureka-EvictionTimer] c.n.e.registry.AbstractInstanceRegistry  : Cancelled instance ACCOUNT-SERVICE/mbp-de-macbook:account-service:8082 (replication=false)
2025-10-19T21:42:15.605+02:00  WARN 9370 --- [http-nio-8761-exec-3] c.n.e.registry.AbstractInstanceRegistry  : DS: Registry: lease doesn't exist, registering resource: ACCOUNT-SERVICE - mbp-de-macbook:account-service:8082
2025-10-19T21:42:15.605+02:00  WARN 9370 --- [http-nio-8761-exec-3] c.n.eureka.resources.InstanceResource    : Not Found (Renew): ACCOUNT-SERVICE - mbp-de-macbook:account-service:8082
2025-10-19T21:42:15.644+02:00  INFO 9370 --- [http-nio-8761-exec-5] c.n.e.registry.AbstractInstanceRegistry  : Registered instance ACCOUNT-SERVICE/mbp-de-macbook:account-service:8082 with status UP (replication=false)
2025-10-19T21:42:16.148+02:00  INFO 9370 --- [http-nio-8761-exec-10] c.n.e.registry.AbstractInstanceRegistry  : Registered instance ACCOUNT-SERVICE/mbp-de-macbook:account-service:8082 with status UP (replication=true)
2025-10-19T21:43:09.944+02:00  INFO 9370 --- [Eureka-EvictionTimer] c.n.e.registry.AbstractInstanceRegistry  : Running the evict task with compensationTime 4ms
2025-10-19T21:44:09.945+02:00  INFO 9370 --- [Eureka-EvictionTimer] c.n.e.registry.AbstractInstanceRegistry  : Running the evict task with compensationTime 2ms
2025-10-19T21:45:09.946+02:00  INFO 9370 --- [Eureka-EvictionTimer] c.n.e.registry.AbstractInstanceRegistry  : Running the evict task with compensationTime 2ms
2025-10-19T21:45:51.626+02:00  INFO 9370 --- [http-nio-8761-exec-2] c.n.e.registry.AbstractInstanceRegistry  : Registered instance CUSTOMER-SERVICE/mbp-de-macbook:customer-service:8085 with status UP (replication=false)
2025-10-19T21:45:51.632+02:00  INFO 9370 --- [http-nio-8761-exec-1] c.n.e.registry.AbstractInstanceRegistry  : Cancelled instance CUSTOMER-SERVICE/mbp-de-macbook:customer-service:8085 (replication=false)
2025-10-19T21:45:52.138+02:00  INFO 9370 --- [http-nio-8761-exec-10] c.n.e.registry.AbstractInstanceRegistry  : Registered instance CUSTOMER-SERVICE/mbp-de-macbook:customer-service:8085 with status UP (replication=true)
2025-10-19T21:45:52.138+02:00  INFO 9370 --- [http-nio-8761-exec-10] c.n.e.registry.AbstractInstanceRegistry  : Cancelled instance CUSTOMER-SERVICE/mbp-de-macbook:customer-service:8085 (replication=true)
2025-10-19T21:46:09.946+02:00  INFO 9370 --- [Eureka-EvictionTimer] c.n.e.registry.AbstractInstanceRegistry  : Running the evict task with compensationTime 2ms
2025-10-19T21:47:09.949+02:00  INFO 9370 --- [Eureka-EvictionTimer] c.n.e.registry.AbstractInstanceRegistry  : Running the evict task with compensationTime 4ms
2025-10-19T21:48:09.951+02:00  INFO 9370 --- [Eureka-EvictionTimer] c.n.e.registry.AbstractInstanceRegistry  : Running the evict task with compensationTime 3ms
2025-10-19T21:49:09.951+02:00  INFO 9370 --- [Eureka-EvictionTimer] c.n.e.registry.AbstractInstanceRegistry  : Running the evict task with compensationTime 1ms
2025-10-19T21:50:09.953+02:00  INFO 9370 --- [Eureka-EvictionTimer] c.n.e.registry.AbstractInstanceRegistry  : Running the evict task with compensationTime 3ms
2025-10-19T21:51:09.955+02:00  INFO 9370 --- [Eureka-EvictionTimer] c.n.e.registry.AbstractInstanceRegistry  : Running the evict task with compensationTime 4ms
2025-10-19T21:52:09.957+02:00  INFO 9370 --- [Eureka-EvictionTimer] c.n.e.registry.AbstractInstanceRegistry  : Running the evict task with compensationTime 4ms
2025-10-19T21:53:09.485+02:00  INFO 9370 --- [ReplicaAwareInstanceRegistry - RenewalThresholdUpdater] c.n.e.r.PeerAwareInstanceRegistryImpl    : Current renewal threshold is : 6
2025-10-19T21:53:09.959+02:00  INFO 9370 --- [Eureka-EvictionTimer] c.n.e.registry.AbstractInstanceRegistry  : Running the evict task with compensationTime 3ms
2025-10-19T21:54:09.962+02:00  INFO 9370 --- [Eureka-EvictionTimer] c.n.e.registry.AbstractInstanceRegistry  : Running the evict task with compensationTime 4ms
2025-10-19T21:55:09.962+02:00  INFO 9370 --- [Eureka-EvictionTimer] c.n.e.registry.AbstractInstanceRegistry  : Running the evict task with compensationTime 1ms
2025-10-19T21:56:09.970+02:00  INFO 9370 --- [Eureka-EvictionTimer] c.n.e.registry.AbstractInstanceRegistry  : Running the evict task with compensationTime 10ms
2025-10-19T21:57:09.970+02:00  INFO 9370 --- [Eureka-EvictionTimer] c.n.e.registry.AbstractInstanceRegistry  : Running the evict task with compensationTime 5ms
2025-10-19T21:58:09.970+02:00  INFO 9370 --- [Eureka-EvictionTimer] c.n.e.registry.AbstractInstanceRegistry  : Running the evict task with compensationTime 3ms
2025-10-19T21:59:09.970+02:00  INFO 9370 --- [Eureka-EvictionTimer] c.n.e.registry.AbstractInstanceRegistry  : Running the evict task with compensationTime 2ms
2025-10-19T22:00:09.973+02:00  INFO 9370 --- [Eureka-EvictionTimer] c.n.e.registry.AbstractInstanceRegistry  : Running the evict task with compensationTime 4ms
2025-10-19T22:01:09.973+02:00  INFO 9370 --- [Eureka-EvictionTimer] c.n.e.registry.AbstractInstanceRegistry  : Running the evict task with compensationTime 2ms
2025-10-19T22:01:59.517+02:00  INFO 9370 --- [http-nio-8761-exec-9] c.n.e.registry.AbstractInstanceRegistry  : Registered instance CONFIG-SERVICE/mbp-de-macbook:config-service:8888 with status DOWN (replication=false)
2025-10-19T22:02:00.020+02:00  INFO 9370 --- [http-nio-8761-exec-5] c.n.e.registry.AbstractInstanceRegistry  : Registered instance CONFIG-SERVICE/mbp-de-macbook:config-service:8888 with status DOWN (replication=true)
2025-10-19T22:02:02.574+02:00  INFO 9370 --- [http-nio-8761-exec-10] c.n.e.registry.AbstractInstanceRegistry  : Cancelled instance CONFIG-SERVICE/mbp-de-macbook:config-service:8888 (replication=false)
2025-10-19T22:02:03.084+02:00  WARN 9370 --- [http-nio-8761-exec-7] c.n.e.registry.AbstractInstanceRegistry  : DS: Registry: cancel failed because Lease is not registered for: CONFIG-SERVICE/mbp-de-macbook:config-service:8888
2025-10-19T22:02:03.084+02:00  INFO 9370 --- [http-nio-8761-exec-7] c.n.eureka.resources.InstanceResource    : Not Found (Cancel): CONFIG-SERVICE - mbp-de-macbook:config-service:8888
2025-10-19T22:02:03.085+02:00  WARN 9370 --- [TaskBatchingWorker-target_localhost-11] c.n.eureka.cluster.ReplicationTask       : The replication of task CONFIG-SERVICE/mbp-de-macbook:config-service:8888:Cancel@localhost failed with response code 404
2025-10-19T22:02:03.085+02:00  WARN 9370 --- [TaskBatchingWorker-target_localhost-11] c.netflix.eureka.cluster.PeerEurekaNode  : CONFIG-SERVICE/mbp-de-macbook:config-service:8888:Cancel@localhost: missing entry.
2025-10-19T22:02:09.046+02:00  INFO 9370 --- [http-nio-8761-exec-9] c.n.e.registry.AbstractInstanceRegistry  : Registered instance CONFIG-SERVICE/mbp-de-macbook:config-service:8888 with status UP (replication=false)
2025-10-19T22:02:09.552+02:00  INFO 9370 --- [http-nio-8761-exec-5] c.n.e.registry.AbstractInstanceRegistry  : Registered instance CONFIG-SERVICE/mbp-de-macbook:config-service:8888 with status UP (replication=true)
2025-10-19T22:02:09.975+02:00  INFO 9370 --- [Eureka-EvictionTimer] c.n.e.registry.AbstractInstanceRegistry  : Running the evict task with compensationTime 3ms
2025-10-19T22:03:09.975+02:00  INFO 9370 --- [Eureka-EvictionTimer] c.n.e.registry.AbstractInstanceRegistry  : Running the evict task with compensationTime 1ms
2025-10-19T22:03:31.452+02:00  INFO 9370 --- [http-nio-8761-exec-6] c.n.e.registry.AbstractInstanceRegistry  : Registered instance CUSTOMER-SERVICE/mbp-de-macbook:customer-service:8085 with status UP (replication=false)
2025-10-19T22:03:31.458+02:00  INFO 9370 --- [http-nio-8761-exec-7] c.n.e.registry.AbstractInstanceRegistry  : Cancelled instance CUSTOMER-SERVICE/mbp-de-macbook:customer-service:8085 (replication=false)
2025-10-19T22:03:31.966+02:00  INFO 9370 --- [http-nio-8761-exec-4] c.n.e.registry.AbstractInstanceRegistry  : Registered instance CUSTOMER-SERVICE/mbp-de-macbook:customer-service:8085 with status UP (replication=true)
2025-10-19T22:03:31.966+02:00  INFO 9370 --- [http-nio-8761-exec-4] c.n.e.registry.AbstractInstanceRegistry  : Cancelled instance CUSTOMER-SERVICE/mbp-de-macbook:customer-service:8085 (replication=true)
2025-10-19T22:04:09.976+02:00  INFO 9370 --- [Eureka-EvictionTimer] c.n.e.registry.AbstractInstanceRegistry  : Running the evict task with compensationTime 2ms
2025-10-19T22:05:09.978+02:00  INFO 9370 --- [Eureka-EvictionTimer] c.n.e.registry.AbstractInstanceRegistry  : Running the evict task with compensationTime 4ms
2025-10-19T22:06:09.979+02:00  INFO 9370 --- [Eureka-EvictionTimer] c.n.e.registry.AbstractInstanceRegistry  : Running the evict task with compensationTime 2ms
2025-10-19T22:07:09.980+02:00  INFO 9370 --- [Eureka-EvictionTimer] c.n.e.registry.AbstractInstanceRegistry  : Running the evict task with compensationTime 3ms
2025-10-19T22:08:09.486+02:00  INFO 9370 --- [ReplicaAwareInstanceRegistry - RenewalThresholdUpdater] c.n.e.r.PeerAwareInstanceRegistryImpl    : Current renewal threshold is : 6
2025-10-19T22:08:09.981+02:00  INFO 9370 --- [Eureka-EvictionTimer] c.n.e.registry.AbstractInstanceRegistry  : Running the evict task with compensationTime 2ms
2025-10-19T22:09:09.983+02:00  INFO 9370 --- [Eureka-EvictionTimer] c.n.e.registry.AbstractInstanceRegistry  : Running the evict task with compensationTime 2ms
